################################################################################
#
# This file has been generated by SpyGlass:
#     Report Created by: caden99
#     Report Created on: Thu May 14 15:40:34 2026
#     Working Directory: /home/caden99/Documents/projects/vector_processor/1D_Vector_Processor
#     Report Location  : ./spyglass-1/lint/lint_abstract/spyglass_reports/SpyGlass/elab_summary.rpt
#     SpyGlass Version : SpyGlass_vP-2019.06-SP1-1
#     Policy Name      : SpyGlass(SpyGlass_vP-2019.06-SP1-01)
#     Comment          : This report contains RTL and Elaborated names along with parameter values
#
################################################################################

================================================================================
Elaborated Name: 'fullchip'
    (RTL Design Unit name: 'fullchip', verilog/fullchip.v:3)
     Parameters (Total: 4)
         col     = 8 (default: 8)
         bw      = 8 (default: 8)
         bw_psum = 20 (default: ((2 * bw) + 4))
         pr      = 8 (default: 8)
     Instances (Total: 1): fullchip_tb.fullchip_instance 

================================================================================

Elaborated Name: 'core'
    (RTL Design Unit name: 'core', verilog/core.v:3)
     Parameters (Total: 4)
         col     = 8 (default: 8)
         bw      = 8 (default: 8)
         bw_psum = 20 (default: ((2 * bw) + 4))
         pr      = 8 (default: 16)
     Instances (Total: 1): fullchip_tb.fullchip_instance.core_instance 

================================================================================

Elaborated Name: 'mac_array'
    (RTL Design Unit name: 'mac_array', verilog/mac_array.v:3)
     Parameters (Total: 4)
         col     = 8 (default: 8)
         bw      = 8 (default: 8)
         bw_psum = 20 (default: ((2 * bw) + 6))
         pr      = 8 (default: 8)
     Instances (Total: 1): fullchip_tb.fullchip_instance.core_instance.mac_array_instance 

================================================================================

Elaborated Name: 'WORK_mac_col_8_20_8_1'
    (RTL Design Unit name: 'mac_col', verilog/mac_col.v:3)
     Parameters (Total: 5)
         bw        = 8 (default: 8)
         bw_psum   = 20 (default: ((2 * bw) + 6))
         pr        = 8 (default: 8)
         col_id    = 1 (default: 0)
         cnt_limit = 8 (default: (9 - col_id))
     Instances (Total: 1): fullchip_tb.fullchip_instance.core_instance.mac_array_instance.\col_idx[1].mac_col_inst  

================================================================================

Elaborated Name: 'mac_8in'
    (RTL Design Unit name: 'mac_8in', verilog/mac_8in.v:3)
     Parameters (Total: 3)
         bw      = 8 (default: 8)
         bw_psum = 20 (default: ((2 * bw) + 6))
         pr      = 8 (default: 8)
     Instances (Total: 8): fullchip_tb.fullchip_instance.core_instance.mac_array_instance.\col_idx[6].mac_col_inst .mac_16in_instance, fullchip_tb.fullchip_instance.core_instance.mac_array_instance.\col_idx[5].mac_col_inst .mac_16in_instance, fullchip_tb.fullchip_instance.core_instance.mac_array_instance.\col_idx[4].mac_col_inst .mac_16in_instance, fullchip_tb.fullchip_instance.core_instance.mac_array_instance.\col_idx[3].mac_col_inst .mac_16in_instance, fullchip_tb.fullchip_instance.core_instance.mac_array_instance.\col_idx[2].mac_col_inst .mac_16in_instance  ... more

================================================================================

Elaborated Name: 'WORK_mac_col_8_20_8_2'
    (RTL Design Unit name: 'mac_col', verilog/mac_col.v:3)
     Parameters (Total: 5)
         bw        = 8 (default: 8)
         bw_psum   = 20 (default: ((2 * bw) + 6))
         pr        = 8 (default: 8)
         col_id    = 2 (default: 0)
         cnt_limit = 7 (default: (9 - col_id))
     Instances (Total: 1): fullchip_tb.fullchip_instance.core_instance.mac_array_instance.\col_idx[2].mac_col_inst  

================================================================================

Elaborated Name: 'WORK_mac_col_8_20_8_3'
    (RTL Design Unit name: 'mac_col', verilog/mac_col.v:3)
     Parameters (Total: 5)
         bw        = 8 (default: 8)
         bw_psum   = 20 (default: ((2 * bw) + 6))
         pr        = 8 (default: 8)
         col_id    = 3 (default: 0)
         cnt_limit = 6 (default: (9 - col_id))
     Instances (Total: 1): fullchip_tb.fullchip_instance.core_instance.mac_array_instance.\col_idx[3].mac_col_inst  

================================================================================

Elaborated Name: 'WORK_mac_col_8_20_8_4'
    (RTL Design Unit name: 'mac_col', verilog/mac_col.v:3)
     Parameters (Total: 5)
         bw        = 8 (default: 8)
         bw_psum   = 20 (default: ((2 * bw) + 6))
         pr        = 8 (default: 8)
         col_id    = 4 (default: 0)
         cnt_limit = 5 (default: (9 - col_id))
     Instances (Total: 1): fullchip_tb.fullchip_instance.core_instance.mac_array_instance.\col_idx[4].mac_col_inst  

================================================================================

Elaborated Name: 'WORK_mac_col_8_20_8_5'
    (RTL Design Unit name: 'mac_col', verilog/mac_col.v:3)
     Parameters (Total: 5)
         bw        = 8 (default: 8)
         bw_psum   = 20 (default: ((2 * bw) + 6))
         pr        = 8 (default: 8)
         col_id    = 5 (default: 0)
         cnt_limit = 4 (default: (9 - col_id))
     Instances (Total: 1): fullchip_tb.fullchip_instance.core_instance.mac_array_instance.\col_idx[5].mac_col_inst  

================================================================================

Elaborated Name: 'WORK_mac_col_8_20_8_6'
    (RTL Design Unit name: 'mac_col', verilog/mac_col.v:3)
     Parameters (Total: 5)
         bw        = 8 (default: 8)
         bw_psum   = 20 (default: ((2 * bw) + 6))
         pr        = 8 (default: 8)
         col_id    = 6 (default: 0)
         cnt_limit = 3 (default: (9 - col_id))
     Instances (Total: 1): fullchip_tb.fullchip_instance.core_instance.mac_array_instance.\col_idx[6].mac_col_inst  

================================================================================

Elaborated Name: 'WORK_mac_col_8_20_8_7'
    (RTL Design Unit name: 'mac_col', verilog/mac_col.v:3)
     Parameters (Total: 5)
         bw        = 8 (default: 8)
         bw_psum   = 20 (default: ((2 * bw) + 6))
         pr        = 8 (default: 8)
         col_id    = 7 (default: 0)
         cnt_limit = 2 (default: (9 - col_id))
     Instances (Total: 1): fullchip_tb.fullchip_instance.core_instance.mac_array_instance.\col_idx[7].mac_col_inst  

================================================================================

Elaborated Name: 'WORK_mac_col_8_20_8_8'
    (RTL Design Unit name: 'mac_col', verilog/mac_col.v:3)
     Parameters (Total: 5)
         bw        = 8 (default: 8)
         bw_psum   = 20 (default: ((2 * bw) + 6))
         pr        = 8 (default: 8)
         col_id    = 8 (default: 0)
         cnt_limit = 1 (default: (9 - col_id))
     Instances (Total: 1): fullchip_tb.fullchip_instance.core_instance.mac_array_instance.\col_idx[8].mac_col_inst  

================================================================================

Elaborated Name: 'ofifo'
    (RTL Design Unit name: 'ofifo', verilog/ofifo.v:3)
     Parameters (Total: 3)
         col  = 8 (default: 16)
         simd = 1 (default: 1)
         bw   = 20 (default: 24)
     Instances (Total: 1): fullchip_tb.fullchip_instance.core_instance.ofifo_inst 

================================================================================

Elaborated Name: 'fifo_depth16'
    (RTL Design Unit name: 'fifo_depth16', verilog/fifo_depth16.v:3)
     Parameters (Total: 2)
         bw   = 20 (default: 4)
         simd = 1 (default: 1)
     Instances (Total: 8): fullchip_tb.fullchip_instance.core_instance.ofifo_inst.\col_idx[5].fifo_instance , fullchip_tb.fullchip_instance.core_instance.ofifo_inst.\col_idx[4].fifo_instance , fullchip_tb.fullchip_instance.core_instance.ofifo_inst.\col_idx[3].fifo_instance , fullchip_tb.fullchip_instance.core_instance.ofifo_inst.\col_idx[2].fifo_instance , fullchip_tb.fullchip_instance.core_instance.ofifo_inst.\col_idx[1].fifo_instance   ... more

================================================================================

Elaborated Name: 'fifo_mux_16_1'
    (RTL Design Unit name: 'fifo_mux_16_1', verilog/fifo_mux_16_1.v:3)
     Parameters (Total: 2)
         bw   = 20 (default: 4)
         simd = 1 (default: 8)
     Instances (Total: 8): fullchip_tb.fullchip_instance.core_instance.ofifo_inst.\col_idx[5].fifo_instance .fifo_mux_16_1a, fullchip_tb.fullchip_instance.core_instance.ofifo_inst.\col_idx[4].fifo_instance .fifo_mux_16_1a, fullchip_tb.fullchip_instance.core_instance.ofifo_inst.\col_idx[3].fifo_instance .fifo_mux_16_1a, fullchip_tb.fullchip_instance.core_instance.ofifo_inst.\col_idx[2].fifo_instance .fifo_mux_16_1a, fullchip_tb.fullchip_instance.core_instance.ofifo_inst.\col_idx[1].fifo_instance .fifo_mux_16_1a  ... more

================================================================================

Elaborated Name: 'fifo_mux_8_1'
    (RTL Design Unit name: 'fifo_mux_8_1', verilog/fifo_mux_8_1.v:3)
     Parameters (Total: 2)
         bw   = 20 (default: 4)
         simd = 1 (default: 8)
     Instances (Total: 16): fullchip_tb.fullchip_instance.core_instance.ofifo_inst.\col_idx[2].fifo_instance .fifo_mux_16_1a.mux_8_1b, fullchip_tb.fullchip_instance.core_instance.ofifo_inst.\col_idx[2].fifo_instance .fifo_mux_16_1a.mux_8_1a, fullchip_tb.fullchip_instance.core_instance.ofifo_inst.\col_idx[1].fifo_instance .fifo_mux_16_1a.mux_8_1b, fullchip_tb.fullchip_instance.core_instance.ofifo_inst.\col_idx[1].fifo_instance .fifo_mux_16_1a.mux_8_1a, fullchip_tb.fullchip_instance.core_instance.ofifo_inst.\col_idx[0].fifo_instance .fifo_mux_16_1a.mux_8_1b  ... more

================================================================================

Elaborated Name: 'fifo_mux_2_1'
    (RTL Design Unit name: 'fifo_mux_2_1', verilog/fifo_mux_2_1.v:3)
     Parameters (Total: 2)
         bw   = 20 (default: 8)
         simd = 1 (default: 4)
     Instances (Total: 120): fullchip_tb.fullchip_instance.core_instance.ofifo_inst.\col_idx[0].fifo_instance .fifo_mux_16_1a.mux_8_1a.fifo_mux_2_1f, fullchip_tb.fullchip_instance.core_instance.ofifo_inst.\col_idx[0].fifo_instance .fifo_mux_16_1a.mux_8_1a.fifo_mux_2_1e, fullchip_tb.fullchip_instance.core_instance.ofifo_inst.\col_idx[0].fifo_instance .fifo_mux_16_1a.mux_8_1a.fifo_mux_2_1d, fullchip_tb.fullchip_instance.core_instance.ofifo_inst.\col_idx[0].fifo_instance .fifo_mux_16_1a.mux_8_1a.fifo_mux_2_1c, fullchip_tb.fullchip_instance.core_instance.ofifo_inst.\col_idx[0].fifo_instance .fifo_mux_16_1a.mux_8_1a.fifo_mux_2_1b  ... more

================================================================================

Elaborated Name: 'WORK_sram_w16_64'
    (RTL Design Unit name: 'sram_w16', verilog/sram_w16.v:3)
     Parameters (Total: 1)
         sram_bit = 64 (default: 128)
     Instances (Total: 2): fullchip_tb.fullchip_instance.core_instance.kmem_instance, fullchip_tb.fullchip_instance.core_instance.qmem_instance 

================================================================================

Elaborated Name: 'WORK_sram_w16_160'
    (RTL Design Unit name: 'sram_w16', verilog/sram_w16.v:3)
     Parameters (Total: 1)
         sram_bit = 160 (default: 128)
     Instances (Total: 1): fullchip_tb.fullchip_instance.core_instance.psum_mem_instance 

================================================================================

Elaborated Name: 'fullchip_tb'
    (RTL Design Unit name: 'fullchip_tb', verilog/fullchip_tb.v:6)
     Parameters (Total: 5)
         total_cycle = 8 (default: 8)
         bw          = 8 (default: 8)
         bw_psum     = 20 (default: ((2 * bw) + 4))
         pr          = 8 (default: 8)
         col         = 8 (default: 8)
================================================================================
