
################################################################################
#
# This file has been generated by SpyGlass:
#     Report Name      : moresimple
#     Report Created by: caden99
#     Report Created on:  Thu May 14 15:40:34 2026
#     Working Directory: /home/caden99/Documents/projects/vector_processor/1D_Vector_Processor
#     SpyGlass Version : SpyGlass_vP-2019.06-SP1-1
#     Policy Name      : SpyGlass(SpyGlass_vP-2019.06-SP1-01)
#                        lint(SpyGlass_vP-2019.06-SP1-01)
#
#     Total Number of Generated Messages :         54
#     Number of Waived Messages          :          0
#     Number of Reported Messages        :         54
#     Number of Overlimit Messages       :          0
#
#
################################################################################

+++++++++++++++++++++++++++++++++++++++++++++++++++++++++++++++++++++++
MORESIMPLE REPORT:


############### BuiltIn -> RuleGroup=Command-line read ###############
+++++++++++++++++++++++++++++++++++++++++++++++++++++++++++++++++++++++++++++++++++++++
ID       Rule                     Alias          Severity    File    Line    Wt    Message
======================================================================================
[0]      checkCMD_unset_option    UnsetOption    Warning     N.A.    0       10    Option/Parameter 'enable_save_restore': Failed to check out license feature 'save_restore'.SpyGlass would disable 'save-restore' feature
+++++++++++++++++++++++++++++++++++++++++++++++++++++++++++++++++++++++++++++++++++++++


############### BuiltIn -> RuleGroup=Design Read ###############
+++++++++++++++++++++++++++++++++++++++++++++++++++++++++++++++++++++++++++++++++++++++
ID       Rule                    Alias                   Severity            File                                                                          Line    Wt      Message
======================================================================================
[32]     DetectTopDesignUnits    DetectTopDesignUnits    Info                verilog/fullchip_tb.v                                                         6       2       Module fullchip_tb is a top level design unit
[34]     SYNTH_5143                                      SynthesisWarning    verilog/fullchip_tb.v                                                         82      1000    fullchip_tb -> Initial block is ignored for synthesis
[33]     SYNTH_5166                                      SynthesisWarning    verilog/core.v                                                                107     1000    core -> ($display) Statement is not synthesizable. Ignoring it
[1]      SYNTH_89                SYNTH_89                SynthesisWarning    verilog/fifo_depth16.v                                                        20      1000    Initial Assignment at Declaration for ( rd_ptr ) is ignored by synthesis
[2]      SYNTH_89                SYNTH_89                SynthesisWarning    verilog/fifo_depth16.v                                                        21      1000    Initial Assignment at Declaration for ( wr_ptr ) is ignored by synthesis
[4]      SYNTH_89                SYNTH_89                SynthesisWarning    verilog/fullchip_tb.v                                                         36      1000    Initial Assignment at Declaration for ( reset ) is ignored by synthesis
[5]      SYNTH_89                SYNTH_89                SynthesisWarning    verilog/fullchip_tb.v                                                         37      1000    Initial Assignment at Declaration for ( clk ) is ignored by synthesis
[6]      SYNTH_89                SYNTH_89                SynthesisWarning    verilog/fullchip_tb.v                                                         39      1000    Initial Assignment at Declaration for ( ofifo_rd ) is ignored by synthesis
[7]      SYNTH_89                SYNTH_89                SynthesisWarning    verilog/fullchip_tb.v                                                         41      1000    Initial Assignment at Declaration for ( qmem_rd ) is ignored by synthesis
[8]      SYNTH_89                SYNTH_89                SynthesisWarning    verilog/fullchip_tb.v                                                         42      1000    Initial Assignment at Declaration for ( qmem_wr ) is ignored by synthesis
[9]      SYNTH_89                SYNTH_89                SynthesisWarning    verilog/fullchip_tb.v                                                         43      1000    Initial Assignment at Declaration for ( kmem_rd ) is ignored by synthesis
[A]      SYNTH_89                SYNTH_89                SynthesisWarning    verilog/fullchip_tb.v                                                         44      1000    Initial Assignment at Declaration for ( kmem_wr ) is ignored by synthesis
[B]      SYNTH_89                SYNTH_89                SynthesisWarning    verilog/fullchip_tb.v                                                         45      1000    Initial Assignment at Declaration for ( pmem_rd ) is ignored by synthesis
[C]      SYNTH_89                SYNTH_89                SynthesisWarning    verilog/fullchip_tb.v                                                         46      1000    Initial Assignment at Declaration for ( pmem_wr ) is ignored by synthesis
[D]      SYNTH_89                SYNTH_89                SynthesisWarning    verilog/fullchip_tb.v                                                         47      1000    Initial Assignment at Declaration for ( execute ) is ignored by synthesis
[E]      SYNTH_89                SYNTH_89                SynthesisWarning    verilog/fullchip_tb.v                                                         48      1000    Initial Assignment at Declaration for ( load ) is ignored by synthesis
[F]      SYNTH_89                SYNTH_89                SynthesisWarning    verilog/fullchip_tb.v                                                         49      1000    Initial Assignment at Declaration for ( qkmem_add ) is ignored by synthesis
[10]     SYNTH_89                SYNTH_89                SynthesisWarning    verilog/fullchip_tb.v                                                         50      1000    Initial Assignment at Declaration for ( pmem_add ) is ignored by synthesis
[12]     WRN_1021                WRN_1021                Warning             verilog/fullchip_tb.v                                                         209     1000    Array index ( [8] ) out-of-bounds, index value ( 8 ) is out of permissible range ([7:0])
[14]     WRN_1021                WRN_1021                Warning             verilog/fullchip_tb.v                                                         210     1000    Array index ( [9] ) out-of-bounds, index value ( 9 ) is out of permissible range ([7:0])
[16]     WRN_1021                WRN_1021                Warning             verilog/fullchip_tb.v                                                         211     1000    Array index ( [10] ) out-of-bounds, index value ( 10 ) is out of permissible range ([7:0])
[18]     WRN_1021                WRN_1021                Warning             verilog/fullchip_tb.v                                                         212     1000    Array index ( [11] ) out-of-bounds, index value ( 11 ) is out of permissible range ([7:0])
[1A]     WRN_1021                WRN_1021                Warning             verilog/fullchip_tb.v                                                         213     1000    Array index ( [12] ) out-of-bounds, index value ( 12 ) is out of permissible range ([7:0])
[1C]     WRN_1021                WRN_1021                Warning             verilog/fullchip_tb.v                                                         214     1000    Array index ( [13] ) out-of-bounds, index value ( 13 ) is out of permissible range ([7:0])
[1E]     WRN_1021                WRN_1021                Warning             verilog/fullchip_tb.v                                                         215     1000    Array index ( [14] ) out-of-bounds, index value ( 14 ) is out of permissible range ([7:0])
[20]     WRN_1021                WRN_1021                Warning             verilog/fullchip_tb.v                                                         216     1000    Array index ( [15] ) out-of-bounds, index value ( 15 ) is out of permissible range ([7:0])
[22]     WRN_1021                WRN_1021                Warning             verilog/fullchip_tb.v                                                         250     1000    Array index ( [8] ) out-of-bounds, index value ( 8 ) is out of permissible range ([7:0])
[24]     WRN_1021                WRN_1021                Warning             verilog/fullchip_tb.v                                                         251     1000    Array index ( [9] ) out-of-bounds, index value ( 9 ) is out of permissible range ([7:0])
[26]     WRN_1021                WRN_1021                Warning             verilog/fullchip_tb.v                                                         252     1000    Array index ( [10] ) out-of-bounds, index value ( 10 ) is out of permissible range ([7:0])
[28]     WRN_1021                WRN_1021                Warning             verilog/fullchip_tb.v                                                         253     1000    Array index ( [11] ) out-of-bounds, index value ( 11 ) is out of permissible range ([7:0])
[2A]     WRN_1021                WRN_1021                Warning             verilog/fullchip_tb.v                                                         254     1000    Array index ( [12] ) out-of-bounds, index value ( 12 ) is out of permissible range ([7:0])
[2C]     WRN_1021                WRN_1021                Warning             verilog/fullchip_tb.v                                                         255     1000    Array index ( [13] ) out-of-bounds, index value ( 13 ) is out of permissible range ([7:0])
[2E]     WRN_1021                WRN_1021                Warning             verilog/fullchip_tb.v                                                         256     1000    Array index ( [14] ) out-of-bounds, index value ( 14 ) is out of permissible range ([7:0])
[30]     WRN_1021                WRN_1021                Warning             verilog/fullchip_tb.v                                                         257     1000    Array index ( [15] ) out-of-bounds, index value ( 15 ) is out of permissible range ([7:0])
[11]     WRN_64                  WRN_64                  Warning             verilog/fullchip_tb.v                                                         209     1000    Part-select ( mem_in[((9 * bw) - 1):(8 * bw)]  ) is out-of-range
[13]     WRN_64                  WRN_64                  Warning             verilog/fullchip_tb.v                                                         210     1000    Part-select ( mem_in[((10 * bw) - 1):(9 * bw)]  ) is out-of-range
[15]     WRN_64                  WRN_64                  Warning             verilog/fullchip_tb.v                                                         211     1000    Part-select ( mem_in[((11 * bw) - 1):(10 * bw)]  ) is out-of-range
[17]     WRN_64                  WRN_64                  Warning             verilog/fullchip_tb.v                                                         212     1000    Part-select ( mem_in[((12 * bw) - 1):(11 * bw)]  ) is out-of-range
[19]     WRN_64                  WRN_64                  Warning             verilog/fullchip_tb.v                                                         213     1000    Part-select ( mem_in[((13 * bw) - 1):(12 * bw)]  ) is out-of-range
[1B]     WRN_64                  WRN_64                  Warning             verilog/fullchip_tb.v                                                         214     1000    Part-select ( mem_in[((14 * bw) - 1):(13 * bw)]  ) is out-of-range
[1D]     WRN_64                  WRN_64                  Warning             verilog/fullchip_tb.v                                                         215     1000    Part-select ( mem_in[((15 * bw) - 1):(14 * bw)]  ) is out-of-range
[1F]     WRN_64                  WRN_64                  Warning             verilog/fullchip_tb.v                                                         216     1000    Part-select ( mem_in[((16 * bw) - 1):(15 * bw)]  ) is out-of-range
[21]     WRN_64                  WRN_64                  Warning             verilog/fullchip_tb.v                                                         250     1000    Part-select ( mem_in[((9 * bw) - 1):(8 * bw)]  ) is out-of-range
[23]     WRN_64                  WRN_64                  Warning             verilog/fullchip_tb.v                                                         251     1000    Part-select ( mem_in[((10 * bw) - 1):(9 * bw)]  ) is out-of-range
[25]     WRN_64                  WRN_64                  Warning             verilog/fullchip_tb.v                                                         252     1000    Part-select ( mem_in[((11 * bw) - 1):(10 * bw)]  ) is out-of-range
[27]     WRN_64                  WRN_64                  Warning             verilog/fullchip_tb.v                                                         253     1000    Part-select ( mem_in[((12 * bw) - 1):(11 * bw)]  ) is out-of-range
[29]     WRN_64                  WRN_64                  Warning             verilog/fullchip_tb.v                                                         254     1000    Part-select ( mem_in[((13 * bw) - 1):(12 * bw)]  ) is out-of-range
[2B]     WRN_64                  WRN_64                  Warning             verilog/fullchip_tb.v                                                         255     1000    Part-select ( mem_in[((14 * bw) - 1):(13 * bw)]  ) is out-of-range
[2D]     WRN_64                  WRN_64                  Warning             verilog/fullchip_tb.v                                                         256     1000    Part-select ( mem_in[((15 * bw) - 1):(14 * bw)]  ) is out-of-range
[2F]     WRN_64                  WRN_64                  Warning             verilog/fullchip_tb.v                                                         257     1000    Part-select ( mem_in[((16 * bw) - 1):(15 * bw)]  ) is out-of-range
[3]      WRN_69                  WRN_69                  Warning             verilog/fullchip_tb.v                                                         6       1000    Compiler directive `timescale found for module 'fullchip_tb' (in the file verilog/fullchip_tb.v at line 4) while previous modules do not
[31]     ElabSummary             ElabSummary             Info                ./spyglass-1/lint/lint_abstract/spyglass_reports/SpyGlass/elab_summary.rpt    0       2       Please refer file './spyglass-1/lint/lint_abstract/spyglass_reports/SpyGlass/elab_summary.rpt' for elab summary report
+++++++++++++++++++++++++++++++++++++++++++++++++++++++++++++++++++++++++++++++++++++++


############### Non-BuiltIn -> Goal=lint/lint_abstract ###############
+++++++++++++++++++++++++++++++++++++++++++++++++++++++++++++++++++++++++++++++++++++++
ID       Rule               Alias    Severity    File                                                                                                                                      Line    Wt    Message
======================================================================================
[35]     LINT_abstract01             Info        ./spyglass-1/lint/lint_abstract/spyglass_reports/abstract_view/fullchip_tb_bw_8_bw_psum_20_col_8_pr_8_total_cycle_8_lint_abstract.sgdc    0       2     Abstract view for design 'fullchip_tb' succesfully created
+++++++++++++++++++++++++++++++++++++++++++++++++++++++++++++++++++++++++++++++++++++++
