
################################################################################
#
# This file has been generated by SpyGlass:
#     Report Name      : no_msg_reporting_rules
#     Report Created by: caden99
#     Report Created on:  Thu May 14 15:40:34 2026
#     Working Directory: /home/caden99/Documents/projects/vector_processor/1D_Vector_Processor
#     SpyGlass Version : SpyGlass_vP-2019.06-SP1-1
#     Policy Name      : SpyGlass(SpyGlass_vP-2019.06-SP1-01)
#                        lint(SpyGlass_vP-2019.06-SP1-01)
#
#     Total Number of Generated Messages :         54
#     Number of Waived Messages          :          0
#     Number of Reported Messages        :         54
#     Number of Overlimit Messages       :          0
#
#
################################################################################

NO VIOLATION RULE REPORT :
++++++++++++++++++++++++++++++++++++++++++++++++++++++++++++++++++++++++++++++++

There are no rules which produce zero violation or completely waived off during spyglass run.

++++++++++++++++++++++++++++++++++++++++++++++++++++++++++++++++++++++++++++++++
