SpyGlass run started at 02:41:31 PM on May 14 2026 

SpyGlass Predictive Analyzer(R) - Version SpyGlass_vP-2019.06-SP1-1
Synopsys TestMAX(TM)
Last compiled on Oct 18 2019

All Rights Reserved. Use, disclosure or duplication
without prior written permission of Synopsys Inc. is prohibited.
Technical support: email spyglass_support@synopsys.com.


Running SpyGlass 64-bit Executable: /opt/synopsys/spyglass/P-2019.06-SP1-1/SPYGLASS_HOME/obj/check.Linux4

RULE-CHECKING IN MIXED MODE
Loading Policy: spyglass (Version: SpyGlass_vP-2019.06-SP1-01) from path: /opt/synopsys/spyglass/P-2019.06-SP1-1/SPYGLASS_HOME/policies/spyglass
Loading Shared library libspyglassrules-Linux4.spyso from /opt/synopsys/spyglass/P-2019.06-SP1-1/SPYGLASS_HOME/lib/libspyglassrules-Linux4.spyso 
Loading Shared library libsdcInitRules-Linux4.spyso from /opt/synopsys/spyglass/P-2019.06-SP1-1/SPYGLASS_HOME/lib/libsdcInitRules-Linux4.spyso 
Loading Shared library librmerules-Linux4.spyso from /opt/synopsys/spyglass/P-2019.06-SP1-1/SPYGLASS_HOME/lib/librmerules-Linux4.spyso 
Version of Policy 'lint': SpyGlass_vP-2019.06-SP1-01
Loading Shared library libCoreRules-Linux4.spyso from /opt/synopsys/spyglass/P-2019.06-SP1-1/SPYGLASS_HOME/lib/libCoreRules-Linux4.spyso 
Loading Shared library libVeLint-Linux4.spyso from /opt/synopsys/spyglass/P-2019.06-SP1-1/SPYGLASS_HOME/lib/libVeLint-Linux4.spyso 
Loading Shared library libLexRules-Linux4.spyso from /opt/synopsys/spyglass/P-2019.06-SP1-1/SPYGLASS_HOME/lib/libLexRules-Linux4.spyso 
Loading Shared library libVhLint-Linux4.spyso from /opt/synopsys/spyglass/P-2019.06-SP1-1/SPYGLASS_HOME/lib/libVhLint-Linux4.spyso 
##build_id : P-2019.06-SP1-1
##system   : Linux qingteng 3.10.0-1160.76.1.el7.x86_64 #1 SMP Wed Aug 10 16:21:17 UTC 2022 x86_64
##cwd      : /home/caden99/Documents/projects/vector_processor/1D_Vector_Processor
##lang     : Verilog+VHDL
##args     : -mSpyGlass::Compatibility::v2_7_3 \
             -mSpyGlass::Compatibility::v2_7_3 \
             -mSpyGlass::Compatibility::v2_7_3 \
             -nl \
             -lib WORK ./spyglass-1/WORK \
             -rules='LINT_abstract01' \
             -wdir './spyglass-1/lint/lint_abstract' \
             -dbdir './spyglass-1/.SG_SaveRestoreDB' \
             -batch \
             -mixed \
             -policy='lint' \
             --goal_info 'lint/lint_abstract@' \
             -projectwdir './spyglass-1' \
             -templatedir '/opt/synopsys/spyglass/P-2019.06-SP1-1/SPYGLASS_HOME/GuideWare/latest/block/rtl_handoff' \
             -block_abstract \
             --template_info 'lint/lint_abstract' \
             -enable_save_restore \
             -enable_save_restore_builtin 'true' \
             -64bit  \
             verilog/core.v \
             verilog/fifo_depth16.v \
             verilog/fifo_mux_2_1.v \
             verilog/fifo_mux_8_1.v \
             verilog/fifo_mux_16_1.v \
             verilog/fullchip.v \
             verilog/fullchip_tb.v \
             verilog/mac_8in.v \
             verilog/sram_w16.v \
             verilog/mac_array.v \
             verilog/mac_col.v \
             verilog/ofifo.v

##verbosity level   : 2
##exact cmdline arg : -batch -project /home/caden99/Documents/projects/vector_processor/1D_Vector_Processor/spyglass-1.prj -goal lint/lint_abstract -64bit
##spyglass_run.csh begins :
;	cd /home/caden99/Documents/projects/vector_processor/1D_Vector_Processor
;	setenv ATRENTA_LICENSE_FILE 30000@qingteng
;	setenv SPYGLASS_LD_PRELOAD /opt/synopsys/spyglass/P-2019.06-SP1-1/SPYGLASS_HOME/lib/libreplacemalloc.so
;	setenv SPYGLASS_DW_PATH /opt/synopsys/spyglass/P-2019.06-SP1-1/SPYGLASS_HOME/dw_support
;	/opt/synopsys/spyglass/P-2019.06-SP1-1/SPYGLASS_HOME/bin/spyglass  -batch -project /home/caden99/Documents/projects/vector_processor/1D_Vector_Processor/spyglass-1.prj -goal lint/lint_abstract -64bit
##spyglass_run.csh ends
##files    : verilog/core.v \
             verilog/fifo_depth16.v \
             verilog/fifo_mux_2_1.v \
             verilog/fifo_mux_8_1.v \
             verilog/fifo_mux_16_1.v \
             verilog/fullchip.v \
             verilog/fullchip_tb.v \
             verilog/mac_8in.v \
             verilog/sram_w16.v \
             verilog/mac_array.v \
             verilog/mac_col.v \
             verilog/ofifo.v


        ********** LICENSE FAILURE NOTIFICATION **********
        Some of the required license features could not be checked out.

        Feature name: "save_restore 2019.06 (or > 2019.06)" [No job handle]
        Feature details: "save_restore" (license token)
                     - Required by SpyGlass
                     - Enables use of previously generated database

        SNPSLMD_LICENSE_FILE = 30000@qingteng
        LM_LICENSE_FILE = /opt/synopsys/license/license.dat

        Please check your license setup, or contact your CAD administrator.
        SpyGlass would disable save_restore feature and continue the normal run.
        ********** END OF LICENSE FAILURE NOTIFICATION **********


INFO [76]    Using './spyglass-1/WORK/64' as the Work Directory for 64bit precompiled dump.
Checking Rule PrecompileLibCheck01 (Rule 1 of total 137) .... done (Time = 0.00s, Memory = 0.0K)
Checking Rule PrecompileLibCheck02 (Rule 2 of total 137) .... done (Time = 0.00s, Memory = -32.0K)
Checking Rule PrecompileLibCheck03 (Rule 3 of total 137) .... done (Time = 0.00s, Memory = 0.0K)
Checking Rule PrecompileLibCheck04 (Rule 4 of total 137) .... done (Time = 0.00s, Memory = 0.0K)
Checking Rule AbstractInterface (Rule 5 of total 137) .... done (Time = 0.00s, Memory = 0.0K)
Checking Rule SGDC_assume_path01 (Rule 6 of total 137) .... done (Time = 0.00s, Memory = 0.0K)
Checking Rule SGDC_sdcschema02 (Rule 7 of total 137) .... done (Time = 0.00s, Memory = 32.0K)
Checking Rule SGDC_clock05 (Rule 8 of total 137) .... done (Time = 0.00s, Memory = 0.0K)
Checking Rule SGDC_clock09 (Rule 9 of total 137) .... done (Time = 0.00s, Memory = 0.0K)
Checking Rule SGDC_force_ta05 (Rule 10 of total 137) .... done (Time = 0.00s, Memory = 0.0K)
Checking Rule SGDC_require_path03 (Rule 11 of total 137) .... done (Time = 0.00s, Memory = 0.0K)
Checking Rule SGDC_require_value03 (Rule 12 of total 137) .... done (Time = 0.00s, Memory = 0.0K)
Checking Rule SGDC_voltagedomain05 (Rule 13 of total 137) .... done (Time = 0.00s, Memory = 8.0K)
Checking Rule SGDC_voltagedomain06 (Rule 14 of total 137) .... done (Time = 0.00s, Memory = 0.0K)
Checking Rule SGDC_voltagedomain07 (Rule 15 of total 137) .... done (Time = 0.00s, Memory = 8.0K)
Checking Rule SGDC_powerdomainoutputs02 (Rule 16 of total 137) .... done (Time = 0.00s, Memory = 8.0K)
Checking Rule SGDC_supply01 (Rule 17 of total 137) .... done (Time = 0.00s, Memory = 0.0K)
Checking Rule SGDC_waive01 (Rule 18 of total 137) .... done (Time = 0.00s, Memory = 0.0K)
Checking Rule SGDC_waive02 (Rule 19 of total 137) .... done (Time = 0.00s, Memory = 0.0K)
Checking Rule SGDC_waive03 (Rule 20 of total 137) .... done (Time = 0.00s, Memory = 0.0K)
Checking Rule SGDC_waive04 (Rule 21 of total 137) .... done (Time = 0.00s, Memory = 0.0K)
Checking Rule SGDC_waive05 (Rule 22 of total 137) .... done (Time = 0.00s, Memory = 0.0K)
Checking Rule SGDC_waive06 (Rule 23 of total 137) .... done (Time = 0.00s, Memory = 0.0K)
Checking Rule SGDC_waive07 (Rule 24 of total 137) .... done (Time = 0.00s, Memory = 0.0K)
Checking Rule SGDC_waive08 (Rule 25 of total 137) .... done (Time = 0.00s, Memory = 0.0K)
Checking Rule SGDC_waive09 (Rule 26 of total 137) .... done (Time = 0.00s, Memory = 0.0K)
Checking Rule SGDC_waive10 (Rule 27 of total 137) .... done (Time = 0.00s, Memory = 0.0K)
Checking Rule SGDC_waive11 (Rule 28 of total 137) .... done (Time = 0.00s, Memory = 0.0K)
Checking Rule SGDC_waive12 (Rule 29 of total 137) .... done (Time = 0.00s, Memory = 0.0K)
Checking Rule SGDC_waive13 (Rule 30 of total 137) .... done (Time = 0.00s, Memory = 0.0K)
Checking Rule SGDC_waive21 (Rule 31 of total 137) .... done (Time = 0.00s, Memory = 0.0K)
Checking Rule SGDC_waive22 (Rule 32 of total 137) .... done (Time = 0.00s, Memory = 0.0K)
Checking Rule SGDC_waive30 (Rule 33 of total 137) .... done (Time = 0.00s, Memory = 0.0K)
Checking Rule SGDC_waive32 (Rule 34 of total 137) .... done (Time = 0.00s, Memory = 0.0K)
Checking Rule SGDC_waive33 (Rule 35 of total 137) .... done (Time = 0.00s, Memory = 0.0K)
Checking Rule SGDC_waive36 (Rule 36 of total 137) .... done (Time = 0.00s, Memory = 24.0K)
Checking Rule SGDC_waive38 (Rule 37 of total 137) .... done (Time = 0.00s, Memory = 0.0K)
Checking Rule SGDC_fifo01 (Rule 38 of total 137) .... done (Time = 0.00s, Memory = 0.0K)
Checking Rule SGDC_libgroup01 (Rule 39 of total 137) .... done (Time = 0.00s, Memory = 0.0K)
Checking Rule SGDC_libgroup02 (Rule 40 of total 137) .... done (Time = 0.00s, Memory = 0.0K)
Checking Rule SGDC_libgroup04 (Rule 41 of total 137) .... done (Time = 0.00s, Memory = 0.0K)
Checking Rule SGDC_power_data01 (Rule 42 of total 137) .... done (Time = 0.00s, Memory = 8.0K)
Checking Rule SGDC_ungroup01 (Rule 43 of total 137) .... done (Time = 0.00s, Memory = 0.0K)
Checking Rule SGDC_abstract_port06 (Rule 44 of total 137) .... done (Time = 0.00s, Memory = 16.0K)
Checking Rule SGDC_abstract_port14 (Rule 45 of total 137) .... done (Time = 0.00s, Memory = 0.0K)
Checking Rule SGDC_abstract_port15 (Rule 46 of total 137) .... done (Time = 0.00s, Memory = 0.0K)
Checking Rule SGDC_abstract_port18 (Rule 47 of total 137) .... done (Time = 0.00s, Memory = 0.0K)
Checking Rule sdc_init_rule (Rule 48 of total 137) .... done (Time = 0.00s, Memory = 0.0K)
Checking Rule CMD_ignorelibs01 (Rule 49 of total 137) .... done (Time = 0.00s, Memory = 0.0K)
Checking Rule ReportRuleNotRun (Rule 50 of total 137) .... done (Time = 0.00s, Memory = 0.0K)
Checking Rule ReportStopSummary (Rule 51 of total 137) .... done (Time = 0.00s, Memory = 0.0K)
Checking Rule ReportIgnoreSummary (Rule 52 of total 137) .... done (Time = 0.00s, Memory = 0.0K)
##SGDEBUG [BENCHMARK_ABSOLUTE]: Analysis started: 1 sec, 0.47 sec, 762544 KB, 3180732 KB
##SGDEBUG [BENCHMARK_INCR]: Analysis started: 1 sec, 0.47 sec, 762544 KB, 3180732 KB
 Analyzing source file "verilog/core.v" ....
 Analyzing source file "verilog/fifo_depth16.v" ....
 SYNTH_89            -            -            WARNING                       
 SYNTH_89            -            -            WARNING                       
 Analyzing source file "verilog/fifo_mux_2_1.v" ....
 Analyzing source file "verilog/fifo_mux_8_1.v" ....
 Analyzing source file "verilog/fifo_mux_16_1.v" ....
 Analyzing source file "verilog/fullchip.v" ....
 Analyzing source file "verilog/fullchip_tb.v" ....
 WRN_69              -            -            Warning                       
 SYNTH_89            -            -            WARNING                       
 SYNTH_89            -            -            WARNING                       
 SYNTH_89            -            -            WARNING                       
 SYNTH_89            -            -            WARNING                       
 SYNTH_89            -            -            WARNING                       
 SYNTH_89            -            -            WARNING                       
 SYNTH_89            -            -            WARNING                       
 SYNTH_89            -            -            WARNING                       
 SYNTH_89            -            -            WARNING                       
 SYNTH_89            -            -            WARNING                       
 SYNTH_89            -            -            WARNING                       
 SYNTH_89            -            -            WARNING                       
 SYNTH_89            -            -            WARNING                       
 Analyzing source file "verilog/mac_8in.v" ....
 Analyzing source file "verilog/sram_w16.v" ....
 Analyzing source file "verilog/mac_array.v" ....
 Analyzing source file "verilog/mac_col.v" ....
 Analyzing source file "verilog/ofifo.v" ....
##SGDEBUG [BENCHMARK_ABSOLUTE]: Analysis finished: 1 sec, 0.48 sec, 828144 KB, 3180732 KB
##SGDEBUG [BENCHMARK_INCR]: Analysis finished: 0 sec, 0.00 sec, 65600 KB, 0 KB
##SGDEBUG [BENCHMARK_ABSOLUTE]: Elaboration started: 1 sec, 0.48 sec, 828144 KB, 3180732 KB
##SGDEBUG [BENCHMARK_INCR]: Elaboration started: 0 sec, 0.00 sec, 0 KB, 0 KB
 Elaborating Top Verilog Design Unit 'fullchip_tb' .....
 done
##SGDEBUG [BENCHMARK_ABSOLUTE]: Elaboration finished: 1 sec, 0.50 sec, 894072 KB, 3180732 KB
##SGDEBUG [BENCHMARK_INCR]: Elaboration finished: 0 sec, 0.02 sec, 65928 KB, 0 KB
##SGDEBUG [BENCHMARK_ABSOLUTE]: RTL Semantic Checker started: 1 sec, 0.50 sec, 894072 KB, 3180732 KB
##SGDEBUG [BENCHMARK_INCR]: RTL Semantic Checker started: 0 sec, 0.00 sec, 0 KB, 0 KB
##SGDEBUG [BENCHMARK_ABSOLUTE]: RTL Semantic Checker finished: 1 sec, 0.50 sec, 894104 KB, 3180732 KB
##SGDEBUG [BENCHMARK_INCR]: RTL Semantic Checker finished: 0 sec, 0.00 sec, 32 KB, 0 KB
Checking Rule ElabSummary (Rule 53 of total 137) .... done (Time = 0.00s, Memory = 0.0K)
Checking Rule ReportCheckDataSummary (Rule 54 of total 137) .... done (Time = 0.00s, Memory = 0.0K)
 Reading waiver file "./spyglass-1/lint/lint_abstract/spyglass_spysch/constraint/spg_autogenerated_waivers.sgdc" ...
 Generating SGDC file "./spyglass-1/lint/lint_abstract/spyglass_spysch/constraint/pragma2Constraint.sgdc" from pragmas in HDL source files ....
 Generating WAIVER file "./spyglass-1/lint/lint_abstract/spyglass_spysch/waiver/pragma2Waiver.swl" from pragmas in HDL source files ....
Checking Rule DetectTopDesignUnits (Rule 55 of total 137) Detected 1 top level design units: 
     fullchip_tb
 .... done (Time = 0.00s, Memory = 0.0K)
Performing semantic checks on SGDC contents
..... SGDC semantic checks completed. (Time = 0.00s, Memory = 0.0K)
Checking Rule SGDC_testmode03 (Rule 56 of total 137) .... done (Time = 0.00s, Memory = 0.0K)
Checking Rule ReportObsoletePragmas (Rule 57 of total 137) .... done (Time = 0.00s, Memory = 0.0K)
Checking Rule checkSGDC_01 (Rule 58 of total 137) .... done (Time = 0.00s, Memory = 0.0K)
Checking Rule checkSGDC_03 (Rule 59 of total 137) .... done (Time = 0.00s, Memory = 0.0K)
Checking Rule checkSGDC_08 (Rule 60 of total 137) .... done (Time = 0.00s, Memory = 0.0K)
Checking Rule GenerateConfMap (Rule 61 of total 137) .... done (Time = 0.00s, Memory = 0.0K)
Checking Rule SGDC_memorywritepin04 (Rule 62 of total 137) .... done (Time = 0.00s, Memory = 8.0K)
Checking Rule SGDC_reset02 (Rule 63 of total 137) .... done (Time = 0.00s, Memory = 8.0K)
Checking Rule SGDC_reset03 (Rule 64 of total 137) .... done (Time = 0.00s, Memory = 0.0K)
Checking Rule SGDC_libgroup03 (Rule 65 of total 137) .... done (Time = 0.00s, Memory = 0.0K)
Checking Rule SGDC_ungroup02 (Rule 66 of total 137) .... done (Time = 0.00s, Memory = 0.0K)
Checking Rule HdlLibDuCheck (Rule 67 of total 137) .... done (Time = 0.00s, Memory = -24.0K)
Checking Rule RtlDesignInfo (Rule 68 of total 137)
##SGDEBUG [BENCHMARK_DATA]: Number of RTL Design Units = 12
##SGDEBUG: RTL statistics for Verilog design units:
##SGDEBUG[BENCHMARK_DATA]: RTL Ports = 85 3297 59
##SGDEBUG[BENCHMARK_DATA]: RTL Insts = 63
##SGDEBUG[BENCHMARK_DATA]: RTL Nets = 104 5622 81
##SGDEBUG[BENCHMARK_DATA]: RTL Terms = 206 4623 89

##SGDEBUG: NOTE: Following estimated data is applicable for structural designs only.
##SGDEBUG:     In case of RTL designs, this data may differ significantly from the actual figure.
##SGDEBUG[BENCHMARK_DATA]: Estimated Flat Insts = 5
##SGDEBUG[BENCHMARK_DATA]: Estimated Flat Nets = 1512
##SGDEBUG[BENCHMARK_DATA]: Estimated Flat Terms = 1833
##SGDEBUG[BENCHMARK_DATA]: Estimated Flat Paths = 3
 .... done (Time = 0.00s, Memory = -16.0K)
Checking Rule preReq_W351 (Rule 69 of total 137) .... done (Time = 0.00s, Memory = 0.0K)
Checking Rule CheckCelldefine (Rule 70 of total 137) .... done (Time = 0.00s, Memory = 0.0K)
Checking Rule SGDC_waive23 (Rule 71 of total 137) .... done (Time = 0.00s, Memory = 0.0K)
Checking Rule SGDC_waive26 (Rule 72 of total 137) .... done (Time = 0.00s, Memory = 0.0K)
Checking Rule SGDC_waive27 (Rule 73 of total 137) .... done (Time = 0.00s, Memory = 0.0K)
Checking Rule SGDC_waive29 (Rule 74 of total 137) .... done (Time = 0.00s, Memory = 0.0K)
Checking ELABDU Rules for designUnit fullchip_tb
    Checking Rule Prereqs_Usage (Rule 75 of total 137) .... done (Time = 0.00s, Memory = 0.0K)
    Checking Rule Postreqs_CheckFuncTask (Rule 76 of total 137) .... done (Time = 0.00s, Memory = 0.0K)
Checking ELABDU Rules for designUnit fullchip
    Checking Rule Prereqs_Usage (Rule 75 of total 137) .... done (Time = 0.00s, Memory = 0.0K)
    Checking Rule Postreqs_CheckFuncTask (Rule 76 of total 137) .... done (Time = 0.00s, Memory = 0.0K)
Checking ELABDU Rules for designUnit core
    Checking Rule Prereqs_Usage (Rule 75 of total 137) .... done (Time = 0.00s, Memory = 0.0K)
    Checking Rule Postreqs_CheckFuncTask (Rule 76 of total 137) .... done (Time = 0.00s, Memory = 0.0K)
Checking ELABDU Rules for designUnit mac_array
    Checking Rule Prereqs_Usage (Rule 75 of total 137) .... done (Time = 0.00s, Memory = 0.0K)
    Checking Rule Postreqs_CheckFuncTask (Rule 76 of total 137) .... done (Time = 0.00s, Memory = 0.0K)
Checking ELABDU Rules for designUnit WORK_mac_col_8_20_8_1
    Checking Rule Prereqs_Usage (Rule 75 of total 137) .... done (Time = 0.00s, Memory = 0.0K)
    Checking Rule Postreqs_CheckFuncTask (Rule 76 of total 137) .... done (Time = 0.00s, Memory = 24.0K)
Checking ELABDU Rules for designUnit mac_8in
    Checking Rule Prereqs_Usage (Rule 75 of total 137) .... done (Time = 0.00s, Memory = 0.0K)
    Checking Rule Postreqs_CheckFuncTask (Rule 76 of total 137) .... done (Time = 0.00s, Memory = 0.0K)
Checking ELABDU Rules for designUnit WORK_mac_col_8_20_8_2
    Checking Rule Prereqs_Usage (Rule 75 of total 137) .... done (Time = 0.00s, Memory = 0.0K)
    Checking Rule Postreqs_CheckFuncTask (Rule 76 of total 137) .... done (Time = 0.00s, Memory = 0.0K)
Checking ELABDU Rules for designUnit WORK_mac_col_8_20_8_3
    Checking Rule Prereqs_Usage (Rule 75 of total 137) .... done (Time = 0.00s, Memory = 0.0K)
    Checking Rule Postreqs_CheckFuncTask (Rule 76 of total 137) .... done (Time = 0.00s, Memory = 0.0K)
Checking ELABDU Rules for designUnit WORK_mac_col_8_20_8_4
    Checking Rule Prereqs_Usage (Rule 75 of total 137) .... done (Time = 0.00s, Memory = 0.0K)
    Checking Rule Postreqs_CheckFuncTask (Rule 76 of total 137) .... done (Time = 0.00s, Memory = 0.0K)
Checking ELABDU Rules for designUnit WORK_mac_col_8_20_8_5
    Checking Rule Prereqs_Usage (Rule 75 of total 137) .... done (Time = 0.00s, Memory = 0.0K)
    Checking Rule Postreqs_CheckFuncTask (Rule 76 of total 137) .... done (Time = 0.00s, Memory = 0.0K)
Checking ELABDU Rules for designUnit WORK_mac_col_8_20_8_6
    Checking Rule Prereqs_Usage (Rule 75 of total 137) .... done (Time = 0.00s, Memory = 0.0K)
    Checking Rule Postreqs_CheckFuncTask (Rule 76 of total 137) .... done (Time = 0.00s, Memory = 0.0K)
Checking ELABDU Rules for designUnit WORK_mac_col_8_20_8_7
    Checking Rule Prereqs_Usage (Rule 75 of total 137) .... done (Time = 0.00s, Memory = 0.0K)
    Checking Rule Postreqs_CheckFuncTask (Rule 76 of total 137) .... done (Time = 0.00s, Memory = 0.0K)
Checking ELABDU Rules for designUnit WORK_mac_col_8_20_8_8
    Checking Rule Prereqs_Usage (Rule 75 of total 137) .... done (Time = 0.00s, Memory = 0.0K)
    Checking Rule Postreqs_CheckFuncTask (Rule 76 of total 137) .... done (Time = 0.00s, Memory = 0.0K)
Checking ELABDU Rules for designUnit ofifo
    Checking Rule Prereqs_Usage (Rule 75 of total 137) .... done (Time = 0.00s, Memory = 0.0K)
    Checking Rule Postreqs_CheckFuncTask (Rule 76 of total 137) .... done (Time = 0.00s, Memory = 0.0K)
Checking ELABDU Rules for designUnit fifo_depth16
    Checking Rule Prereqs_Usage (Rule 75 of total 137) .... done (Time = 0.00s, Memory = 0.0K)
    Checking Rule Postreqs_CheckFuncTask (Rule 76 of total 137) .... done (Time = 0.00s, Memory = -8.0K)
Checking ELABDU Rules for designUnit fifo_mux_16_1
    Checking Rule Prereqs_Usage (Rule 75 of total 137) .... done (Time = 0.00s, Memory = 8.0K)
    Checking Rule Postreqs_CheckFuncTask (Rule 76 of total 137) .... done (Time = 0.00s, Memory = 0.0K)
Checking ELABDU Rules for designUnit fifo_mux_8_1
    Checking Rule Prereqs_Usage (Rule 75 of total 137) .... done (Time = 0.00s, Memory = 0.0K)
    Checking Rule Postreqs_CheckFuncTask (Rule 76 of total 137) .... done (Time = 0.00s, Memory = 0.0K)
Checking ELABDU Rules for designUnit fifo_mux_2_1
    Checking Rule Prereqs_Usage (Rule 75 of total 137) .... done (Time = 0.00s, Memory = 0.0K)
    Checking Rule Postreqs_CheckFuncTask (Rule 76 of total 137) .... done (Time = 0.00s, Memory = 0.0K)
Checking ELABDU Rules for designUnit WORK_sram_w16_64
    Checking Rule Prereqs_Usage (Rule 75 of total 137) .... done (Time = 0.00s, Memory = 0.0K)
    Checking Rule Postreqs_CheckFuncTask (Rule 76 of total 137) .... done (Time = 0.00s, Memory = 0.0K)
Checking ELABDU Rules for designUnit WORK_sram_w16_160
    Checking Rule Prereqs_Usage (Rule 75 of total 137) .... done (Time = 0.00s, Memory = 0.0K)
    Checking Rule Postreqs_CheckFuncTask (Rule 76 of total 137) .... done (Time = 0.00s, Memory = 0.0K)
Checking Rule SGDC_waive24 (Rule 77 of total 137) .... done (Time = 0.00s, Memory = 0.0K)
Checking Rule SGDC_waive25 (Rule 78 of total 137) .... done (Time = 0.00s, Memory = 0.0K)
Checking Rule SGDC_waive31 (Rule 79 of total 137) .... done (Time = 0.00s, Memory = 0.0K)
Checking Rule SGDC_waive35 (Rule 80 of total 137) .... done (Time = 0.00s, Memory = 0.0K)
##SGDEBUG [BENCHMARK_ABSOLUTE]: Synthesis started: 1 sec, 0.73 sec, 894152 KB, 3180732 KB
##SGDEBUG [BENCHMARK_INCR]: Synthesis started: 0 sec, 0.23 sec, 48 KB, 0 KB
 Synthesizing module: sram_w16 (elaborated name: WORK_sram_w16_160) ... (Module 1 of total 20)  done 
     (Memory Used = -135008.0K(incr), 828824.0K(tot), Cpu Time = 0.17s(incr))
 Synthesizing module: sram_w16 (elaborated name: WORK_sram_w16_64) ... (Module 2 of total 20)  done 
     (Memory Used = 8.0K(incr), 828832.0K(tot), Cpu Time = 0.06s(incr))
 Synthesizing module: fifo_mux_2_1 (elaborated name: fifo_mux_2_1) ... (Module 3 of total 20)  done 
     (Memory Used = 0.0K(incr), 828832.0K(tot), Cpu Time = 0.00s(incr))
 Synthesizing module: fifo_mux_8_1 (elaborated name: fifo_mux_8_1) ... (Module 4 of total 20)  done 
     (Memory Used = 0.0K(incr), 828832.0K(tot), Cpu Time = 0.00s(incr))
 Synthesizing module: fifo_mux_16_1 (elaborated name: fifo_mux_16_1) ... (Module 5 of total 20)  done 
     (Memory Used = 0.0K(incr), 828832.0K(tot), Cpu Time = 0.00s(incr))
 Synthesizing module: fifo_depth16 (elaborated name: fifo_depth16) ... (Module 6 of total 20)  done 
     (Memory Used = 0.0K(incr), 828832.0K(tot), Cpu Time = 0.02s(incr))
 Synthesizing module: ofifo (elaborated name: ofifo) ... (Module 7 of total 20)  done 
     (Memory Used = 0.0K(incr), 828832.0K(tot), Cpu Time = 0.00s(incr))
 Synthesizing module: mac_8in (elaborated name: mac_8in) ... (Module 8 of total 20)  done 
     (Memory Used = 0.0K(incr), 828832.0K(tot), Cpu Time = 0.01s(incr))
 Synthesizing module: mac_col (elaborated name: WORK_mac_col_8_20_8_8) ... (Module 9 of total 20)  done 
     (Memory Used = 0.0K(incr), 828832.0K(tot), Cpu Time = 0.00s(incr))
 Synthesizing module: mac_col (elaborated name: WORK_mac_col_8_20_8_7) ... (Module 10 of total 20)  done 
     (Memory Used = 0.0K(incr), 828832.0K(tot), Cpu Time = 0.00s(incr))
 Synthesizing module: mac_col (elaborated name: WORK_mac_col_8_20_8_6) ... (Module 11 of total 20)  done 
     (Memory Used = 0.0K(incr), 828832.0K(tot), Cpu Time = 0.01s(incr))
 Synthesizing module: mac_col (elaborated name: WORK_mac_col_8_20_8_5) ... (Module 12 of total 20)  done 
     (Memory Used = 0.0K(incr), 828832.0K(tot), Cpu Time = 0.01s(incr))
 Synthesizing module: mac_col (elaborated name: WORK_mac_col_8_20_8_4) ... (Module 13 of total 20)  done 
     (Memory Used = 0.0K(incr), 828832.0K(tot), Cpu Time = 0.00s(incr))
 Synthesizing module: mac_col (elaborated name: WORK_mac_col_8_20_8_3) ... (Module 14 of total 20)  done 
     (Memory Used = -8.0K(incr), 828832.0K(tot), Cpu Time = 0.01s(incr))
 Synthesizing module: mac_col (elaborated name: WORK_mac_col_8_20_8_2) ... (Module 15 of total 20)  done 
     (Memory Used = 0.0K(incr), 828832.0K(tot), Cpu Time = 0.01s(incr))
 Synthesizing module: mac_col (elaborated name: WORK_mac_col_8_20_8_1) ... (Module 16 of total 20)  done 
     (Memory Used = 0.0K(incr), 828832.0K(tot), Cpu Time = 0.01s(incr))
 Synthesizing module: mac_array (elaborated name: mac_array) ... (Module 17 of total 20)  done 
     (Memory Used = -8.0K(incr), 828832.0K(tot), Cpu Time = 0.00s(incr))
 Synthesizing module: core (elaborated name: core) ... (Module 18 of total 20)  SYNTH_5166          -            -            SynthesisWarning               done 
     (Memory Used = 48.0K(incr), 828880.0K(tot), Cpu Time = 0.01s(incr))
 Synthesizing module: fullchip (elaborated name: fullchip) ... (Module 19 of total 20)  done 
     (Memory Used = 0.0K(incr), 828880.0K(tot), Cpu Time = 0.00s(incr))
 Synthesizing module: fullchip_tb (elaborated name: fullchip_tb) ... (Module 20 of total 20)  SYNTH_5143          -            -            SynthesisWarning               done 
     (Memory Used = 16.0K(incr), 828896.0K(tot), Cpu Time = 0.00s(incr))
 Synthesis completed.
##SGDEBUG [BENCHMARK_ABSOLUTE]: Synthesis completed: 1 sec, 1.02 sec, 829416 KB, 3180732 KB
##SGDEBUG [BENCHMARK_INCR]: Synthesis completed: 0 sec, 0.29 sec, -64736 KB, 0 KB
Checking Rule InferBlackBox (Rule 81 of total 137) .... done (Time = 0.01s, Memory = 0.0K)
##SGDEBUG [BENCHMARK_DATA]: Number of NOM Modules = 20
##SGDEBUG [BENCHMARK_DATA]: Number of NOM Instances = 7717
##SGDEBUG [BENCHMARK_DATA]: Number of NOM Nets = 13268
##SGDEBUG [BENCHMARK_DATA]: Number of NOM Terminals = 45778
##SGDEBUG [BENCHMARK_DATA]: Number of NOM Instances per Module (max and avg) = 2979, 385
Checking Rule checkCMD_mthresh (Rule 82 of total 137) .... done (Time = 0.00s, Memory = 8.0K)
##SGDEBUG [BENCHMARK_ABSOLUTE]: Saving NOM started: 1 sec, 1.03 sec, 829360 KB, 3180732 KB
##SGDEBUG [BENCHMARK_INCR]: Saving NOM started: 0 sec, 0.01 sec, -56 KB, 0 KB
##SGDEBUG [BENCHMARK_ABSOLUTE]: Saving NOM completed: 1 sec, 1.04 sec, 882608 KB, 3180740 KB
##SGDEBUG [BENCHMARK_INCR]: Saving NOM completed: 0 sec, 0.01 sec, 53248 KB, 8 KB
     (Memory Used = 53248.0K(incr), 882608.0K(tot), Cpu Time = 0.01s(incr))
Checking Rule SGDC_waive37 (Rule 83 of total 137) .... done (Time = 0.00s, Memory = 0.0K)
Performing semantic checks on SGDC contents
..... SGDC semantic checks completed. (Time = 0.00s, Memory = 0.0K)
Checking Rule SGDC_testmode03 (Rule 56 of total 137) .... done (Time = 0.00s, Memory = 0.0K)
Checking Rule _abstractPortSGDC (Rule 84 of total 137) .... done (Time = 0.00s, Memory = 0.0K)
Checking Rule SGDC_abstract_port03 (Rule 85 of total 137) .... done (Time = 0.00s, Memory = 0.0K)
Checking Rule SGDC_abstract_port04 (Rule 86 of total 137) .... done (Time = 0.00s, Memory = 0.0K)
Checking Rule SGDC_abstract_port05 (Rule 87 of total 137) .... done (Time = 0.00s, Memory = 0.0K)
Checking Rule SGDC_abstract_port07 (Rule 88 of total 137) .... done (Time = 0.00s, Memory = 0.0K)
Checking Rule SGDC_abstract_port08 (Rule 89 of total 137) .... done (Time = 0.00s, Memory = 0.0K)
Checking Rule SGDC_abstract_port10 (Rule 90 of total 137) .... done (Time = 0.00s, Memory = 0.0K)
Checking Rule SGDC_abstract_port11 (Rule 91 of total 137) .... done (Time = 0.00s, Memory = 0.0K)
Checking Rule SGDC_abstract_port12 (Rule 92 of total 137) .... done (Time = 0.00s, Memory = 0.0K)
Checking Rule SGDC_abstract_port13 (Rule 93 of total 137) .... done (Time = 0.00s, Memory = 32.0K)
Checking Rule ReportUngroup (Rule 94 of total 137) .... done (Time = 0.00s, Memory = 0.0K)
Checking Rule LINT_portReten (Rule 95 of total 137) .... done (Time = 0.00s, Memory = 0.0K)
Checking Rule SGDC_abstract_port21 (Rule 96 of total 137) .... done (Time = 0.00s, Memory = 0.0K)
##SGDEBUG [BENCHMARK_ABSOLUTE]: VS rule checking finished...: 1 sec, 1.04 sec, 878520 KB, 3180736 KB
##SGDEBUG [BENCHMARK_INCR]: VS rule checking finished...: 0 sec, 0.00 sec, -4088 KB, -4 KB
##SGDEBUG [BENCHMARK_ABSOLUTE]: Elab View Deletion Finished: 1 sec, 1.04 sec, 808720 KB, 3180732 KB
##SGDEBUG [BENCHMARK_INCR]: Elab View Deletion Finished: 0 sec, 0.00 sec, -69800 KB, -4 KB
##SGDEBUG [BENCHMARK_ABSOLUTE]: After deleting RTL view: 1 sec, 1.04 sec, 741160 KB, 3180732 KB
##SGDEBUG [BENCHMARK_INCR]: After deleting RTL view: 0 sec, 0.00 sec, -67560 KB, 0 KB
Checking Rule SGDC_assume_path05 (Rule 97 of total 137) .... done (Time = 0.00s, Memory = 0.0K)
##SGDEBUG [BENCHMARK_ABSOLUTE]: Flattening started: 1 sec, 1.05 sec, 742472 KB, 3180732 KB
##SGDEBUG [BENCHMARK_INCR]: Flattening started: 0 sec, 0.00 sec, 1312 KB, 0 KB
 Flattening fullchip_tb (.lib instances separately flattened) ....
     (Memory Used = 6600.0K(incr), 749072.0K(tot), Cpu Time = 0.07s(incr))
 Flattening completed
##SGDEBUG [BENCHMARK_DATA]: Number of Flat Instances = 19447
##SGDEBUG [BENCHMARK_DATA]: Number of Flat Nets = 23493
##SGDEBUG [BENCHMARK_DATA]: Number of Flat Terms = 89001
##SGDEBUG [BENCHMARK_DATA]: Number of Flat Paths = 176
##SGDEBUG [BENCHMARK_DATA]: Number of Flat Ports = 0
##SGDEBUG [BENCHMARK_DATA]: Number of Black-Box Instances = 0
##SGDEBUG [BENCHMARK_DATA]: Number of Lib Instances = 0
##SGDEBUG [BENCHMARK_DATA]: Number of ILM Instances = 0
##SGDEBUG [BENCHMARK_ABSOLUTE]: Flattening finished: 2 sec, 1.11 sec, 749072 KB, 3180732 KB
##SGDEBUG [BENCHMARK_INCR]: Flattening finished: 1 sec, 0.07 sec, 6600 KB, 0 KB
Checking Rule SGDC_set_case_analysis_LC (Rule 98 of total 137) .... done (Time = 0.00s, Memory = 0.0K)
Checking Rule LINT_abstract01 (Rule 99 of total 137) .... done (Time = 0.04s, Memory = 3904.0K)
Checking Rule AnalyzeBBox (Rule 100 of total 137) .... done (Time = 0.00s, Memory = 0.0K)
Checking Rule ReportCheckDataSummary (Rule 54 of total 137) .... done (Time = 0.00s, Memory = 0.0K)

Applying user specified and internally generated waivers on violation database .... done (Time = 0.00s)

Generating data for Console...
##SGDEBUG [PEAK_VMSIZE_END_RULE]: 3180736 KB for entire run at 'Saving NOM completed' stage
##SGDEBUG [PEAK_SWAP_MEMORY_END_RULE]: 0 KB for entire run
##SGDEBUG [VMPEAK_MEMORY]: 3447900 KB for entire run
##SGDEBUG [PEAK_RSS_MEMORY]: 990612 KB for entire run
##SGDEBUG [BENCHMARK_ABSOLUTE]: Rule checking finished: 2 sec, 1.19 sec, 706008 KB, 3180728 KB
##SGDEBUG [BENCHMARK_INCR]: Rule checking finished: 0 sec, 0.07 sec, -43064 KB, -4 KB


=====================================================================================
							Rule Parameter Table
=====================================================================================

	PARAMETER-NAME                                     VALUE                DEFAULT VALUE
-------------------------------------------------------------------------------------
	-allow_clock_on_output_port                        no                   no
	-check_clock_group_violations                      no                   no
	-debug_proc                                        no                   no
	-disable_latch_corssing                            yes                  yes
	-force_genclk_for_txv                              no                   no
	-latch_effort_level                                -1                   -1
	-library_gen_clock_naming                          yes                  yes
	-netlist_clock_polarity                            yes                  yes
	-populate_comboelements_for_minmax_in_fromto       no                   no
	-post_clock_group_population                       no                   no
	-preserve_path                                     no                   no
	-pt                                                yes                  yes
	-show_all_sdc_violations                           no                   no
	-show_sdc_progress                                 no                   no
	-suppress_sdc_violation_in_abstract                no                   no
	-tc_cache_empty_collections                        no                   no
	-tc_disable_caching                                no                   no
	-tc_ignored_commands                               unspecified          unspecified
	-tc_stop_parsing_ignored_commands                  no                   no
	-truncate_through                                  yes                  yes
	-use_new_flow                                      no                   no
	-write_sdc                                         no                   no
=====================================================================================



=====================================================================================
                               Rule Status Table

 RULE-NAME                      POLICY-NAME     ENABLED VIOL-CNT RULE-TYPE   ERROR-MSG         
=====================================================================================
 LINT_blksgdc01                 lint            No             - FLATDU2_PRD_WL   -               
 LINT_JSON_Instance             lint            No             - VSTOPDU        -               
 LINT_JSON_Clock                lint            No             - FLATDU2_WL     -               
 LINT_JSON_RULES                lint            No             - SETUP          -               
 W120                 (VHDL   ) lint            No             - ELABDU         -               
 W120                 (Verilog) lint            No             - ELABDU         -               
 LINT_sca_validation            lint            No             - FLATDU2_ABSTRACT_WL   -               
 W448                           lint            No             - FLATDU2_WL     -               
 W401                           lint            No             - FLATDU2_WL     -               
 W395                 (Verilog) lint            No             - ELABDU         -               
 W395                 (VHDL   ) lint            No             - RTLDULIST      -               
 W391                           lint            No             - FLATDU2_WL     -               
 W415                           lint            No             - FLATDU2_WL     -               
 W18                            lint            No             - VSTOPDU        -               
 W392                           lint            No             - FLATDU2_WL     -               
 W528                 (VHDL   ) lint            No             - ELABDU         -               
 W528                 (Verilog) lint            No             - ELABDU         -               
 W505                 (VHDL   ) lint            No             - ELABDU         -               
 W505                 (Verilog) lint            No             - ELABDU         -               
 W495                 (VHDL   ) lint            No             - ELABDU         -               
 W495                 (Verilog) lint            No             - ELABDU         -               
 W494                 (VHDL   ) lint            No             - ELABDU         -               
 W494                 (Verilog) lint            No             - ELABDU         -               
 W490                 (VHDL   ) lint            No             - RTLDULIST      -               
 W490                 (Verilog) lint            No             - ELABDU         -               
 W467                 (VHDL   ) lint            No             - RTLDULIST      -               
 W467                 (Verilog) lint            No             - ELABDU         -               
 W444                 (VHDL   ) lint            No             - RTLDULIST      -               
 W444                 (Verilog) lint            No             - ELABDU         -               
 W443                 (VHDL   ) lint            No             - RTLDULIST      -               
 W443                 (Verilog) lint            No             - ELABDU         -               
 W425                 (VHDL   ) lint            No             - RTLDULIST      -               
 W425                 (Verilog) lint            No             - ELABDU         -               
 W424                 (VHDL   ) lint            No             - RTLDULIST      -               
 W424                 (Verilog) lint            No             - ELABDU         -               
 W421                 (VHDL   ) lint            No             - SETUP          -               
 W421                 (Verilog) lint            No             - RTLDULIST      -               
 W398                 (VHDL   ) lint            No             - RTLDULIST      -               
 W398                 (Verilog) lint            No             - ELABDU         -               
 W351                 (VHDL   ) lint            No             - RTLDULIST      -               
 W351                 (Verilog) lint            No             - RTLDULIST      -               
 W345                 (VHDL   ) lint            No             - SETUP          -               
 W345                 (Verilog) lint            No             - RTLDULIST      -               
 W293                 (VHDL   ) lint            No             - RTLDULIST      -               
 W293                 (Verilog) lint            No             - ELABDU         -               
 W287c                (VHDL   ) lint            No             - VSDU           -               
 W287c                (Verilog) lint            No             - ELABDU         -               
 W287b                (VHDL   ) lint            No             - VSDU           -               
 W287b                (Verilog) lint            No             - RTLDULIST      -               
 W287a                (VHDL   ) lint            No             - VSDU           -               
 W287a                (Verilog) lint            No             - ELABDU         -               
 W257                 (VHDL   ) lint            No             - SETUP          -               
 W257                 (Verilog) lint            No             - RTLDULIST      -               
 W241                 (VHDL   ) lint            No             - ELABDU         -               
 W241                 (Verilog) lint            No             - ELABDU         -               
 W240                 (VHDL   ) lint            No             - ELABDU         -               
 W240                 (Verilog) lint            No             - ELABDU         -               
 W210                 (VHDL   ) lint            No             - ELABDU         -               
 W210                 (Verilog) lint            No             - ELABDU         -               
 W191                 (VHDL   ) lint            No             - RTLDULIST      -               
 W191                 (Verilog) lint            No             - ELABDU         -               
 W190                 (VHDL   ) lint            No             - RTLDULIST      -               
 W190                 (Verilog) lint            No             - ELABDU         -               
 W187                 (VHDL   ) lint            No             - SETUP          -               
 W187                 (Verilog) lint            No             - ELABDU         -               
 W175                 (VHDL   ) lint            No             - RTLDULIST      -               
 W175                 (Verilog) lint            No             - RTLDULIST      -               
 W167                 (VHDL   ) lint            No             - RTLDULIST      -               
 W167                 (Verilog) lint            No             - RTLDULIST      -               
 W164b                (VHDL   ) lint            No             - ELABDU         -               
 W164b                (Verilog) lint            No             - ELABDU         -               
 W164a                (VHDL   ) lint            No             - ELABDU         -               
 W164a                (Verilog) lint            No             - ELABDU         -               
 W146                 (VHDL   ) lint            No             - SETUP          -               
 W146                 (Verilog) lint            No             - RTLDULIST      -               
 W128                 (VHDL   ) lint            No             - SETUP          -               
 W128                 (Verilog) lint            No             - RTLDULIST      -               
 W111                 (VHDL   ) lint            No             - ELABDU         -               
 W111                 (Verilog) lint            No             - ELABDU         -               
 W71                  (VHDL   ) lint            No             - RTLDULIST      -               
 W71                  (Verilog) lint            No             - ELABDU         -               
 W493                 (VHDL   ) lint            No             - RTLDULIST      -               
 W493                 (Verilog) lint            No             - SETUP          -               
 W17                  (VHDL   ) lint            No             - ELABDU         -               
 W17                  (Verilog) lint            No             - ELABDU         -               
 W110a                (VHDL   ) lint            No             - RTLDU          -               
 mixedsenselist       (VHDL   ) lint            No             - RTLDU          -               
 W402                 (VHDL   ) lint            No             - FLATDU2_WL     -               
 PhysicalTypes        (VHDL   ) lint            No             - SETUP          -               
 W416                 (VHDL   ) lint            No             - RTLDU          -               
 W86                  (VHDL   ) lint            No             - ELABDU         -               
 W526                 (VHDL   ) lint            No             - RTLDULIST      -               
 W501                 (VHDL   ) lint            No             - ELABDU         -               
 W500                 (VHDL   ) lint            No             - ELABDU         -               
 W494b                (VHDL   ) lint            No             - ELABDU         -               
 W494a                (VHDL   ) lint            No             - ELABDU         -               
 W488                 (VHDL   ) lint            No             - ELABDU         -               
 W464                 (VHDL   ) lint            No             - RTLDULIST      -               
 W456a                (VHDL   ) lint            No             - ELABDU         -               
 W456                 (VHDL   ) lint            No             - ELABDU         -               
 W43                  (VHDL   ) lint            No             - RTLDULIST      -               
 W396                 (VHDL   ) lint            No             - VSDU           -               
 W292                 (VHDL   ) lint            No             - RTLDULIST      -               
 W259                 (VHDL   ) lint            No             - ELABDU         -               
 W226                 (VHDL   ) lint            No             - RTLDULIST      -               
 W156                 (VHDL   ) lint            No             - ELABDU         -               
 W123                 (VHDL   ) lint            No             - ELABDU         -               
 W122                 (VHDL   ) lint            No             - ELABDU         -               
 W116                 (VHDL   ) lint            No             - ELABDU         -               
 ClockStyle           (VHDL   ) lint            No             - RTLDULIST      -               
 W489                 (VHDL   ) lint            No             - RTLDULIST      -               
 W242                 (VHDL   ) lint            No             - RTLDULIST      -               
 SynthIfStmt          (VHDL   ) lint            No             - RTLDULIST      -               
 InitPorts            (VHDL   ) lint            No             - RTLDULIST      -               
 NoTimeOut            (VHDL   ) lint            No             - SETUP          -               
 MultipleWait         (VHDL   ) lint            No             - RTLDULIST      -               
 ArrayEnumIndex       (VHDL   ) lint            No             - SETUP          -               
 PortType             (VHDL   ) lint            No             - SETUP          -               
 ResFunction          (VHDL   ) lint            No             - RTLDULIST      -               
 PreDefAttr           (VHDL   ) lint            No             - SETUP          -               
 UserDefAttr          (VHDL   ) lint            No             - SETUP          -               
 AllocExpr            (VHDL   ) lint            No             - SETUP          -               
 LinkagePort          (VHDL   ) lint            No             - SETUP          -               
 DisconnSpec          (VHDL   ) lint            No             - SETUP          -               
 IncompleteType       (VHDL   ) lint            No             - SETUP          -               
 LoopBound            (VHDL   ) lint            No             - SETUP          -               
 BothPhase            (VHDL   ) lint            No             - RTLDULIST      -               
 ForLoopWait          (VHDL   ) lint            No             - SETUP          -               
 BlockHeader          (VHDL   ) lint            No             - SETUP          -               
 WhileInSubProg       (VHDL   ) lint            No             - RTLDULIST      -               
 IntGeneric           (VHDL   ) lint            No             - SETUP          -               
 SigVarInit           (VHDL   ) lint            No             - RTLDULIST      -               
 AssertStmt           (VHDL   ) lint            No             - SETUP          -               
 EntityStmt           (VHDL   ) lint            No             - SETUP          -               
 W422                 (VHDL   ) lint            No             - RTLDULIST      -               
 W397                 (VHDL   ) lint            No             - SETUP          -               
 W164c                (Verilog) lint            No             - ELABDU         -               
 W402b                (Verilog) lint            No             - FLATDU2_WL     -               
 W402a                (Verilog) lint            No             - RTLDU          -               
 W323                 (Verilog) lint            No             - FLATDU2_WL     -               
 W541                 (Verilog) lint            No             - VSDU           -               
 W438                 (Verilog) lint            No             - VSDU           -               
 W428                 (Verilog) lint            No             - VSDU           -               
 W414                 (Verilog) lint            No             - VSDU           -               
 W336                 (Verilog) lint            No             - VSDU           -               
 W701                 (Verilog) lint            No             - RTLDULIST      -               
 W576                 (Verilog) lint            No             - ELABDU         -               
 W575                 (Verilog) lint            No             - ELABDU         -               
 W563                 (Verilog) lint            No             - ELABDU         -               
 W551                 (Verilog) lint            No             - ELABDU         -               
 W529                 (Verilog) lint            No             - RTLDULIST      -               
 W527                 (Verilog) lint            No             - RTLDULIST      -               
 W526                 (Verilog) lint            No             - RTLDULIST      -               
 W208                 (Verilog) lint            No             - SETUP          -               
 W189                 (Verilog) lint            No             - RTLDULIST      -               
 W504                 (Verilog) lint            No             - ELABDU         -               
 W503                 (Verilog) lint            No             - RTLDULIST      -               
 W502                 (Verilog) lint            No             - ELABDU         -               
 W499                 (Verilog) lint            No             - ELABDU         -               
 W498                 (Verilog) lint            No             - ELABDU         -               
 W497                 (Verilog) lint            No             - ELABDU         -               
 W491                 (Verilog) lint            No             - ELABDU         -               
 W489                 (Verilog) lint            No             - ELABDU         -               
 W486                 (Verilog) lint            No             - ELABDU         -               
 W484                 (Verilog) lint            No             - ELABDU         -               
 W481b                (Verilog) lint            No             - RTLDULIST      -               
 W481a                (Verilog) lint            No             - RTLDULIST      -               
 W480                 (Verilog) lint            No             - RTLDULIST      -               
 W479                 (Verilog) lint            No             - RTLDULIST      -               
 W477                 (Verilog) lint            No             - RTLDULIST      -               
 W476                 (Verilog) lint            No             - RTLDULIST      -               
 W475                 (Verilog) lint            No             - RTLDULIST      -               
 W474                 (Verilog) lint            No             - RTLDULIST      -               
 W468                 (Verilog) lint            No             - ELABDU         -               
 W464                 (Verilog) lint            No             - RTLDULIST      -               
 W446                 (Verilog) lint            No             - ELABDU         -               
 W433                 (Verilog) lint            No             - RTLDULIST      -               
 W430                 (Verilog) lint            No             - RTLDULIST      -               
 W427                 (Verilog) lint            No             - RTLDULIST      -               
 W426                 (Verilog) lint            No             - RTLDULIST      -               
 W423                 (Verilog) lint            No             - ELABDU         -               
 W422                 (Verilog) lint            No             - RTLDULIST      -               
 W415a                (Verilog) lint            No             - ELABDU         -               
 W373                 (Verilog) lint            No             - RTLDULIST      -               
 W372                 (Verilog) lint            No             - RTLDULIST      -               
 W362                 (Verilog) lint            No             - ELABDU         -               
 W352                 (Verilog) lint            No             - ELABDU         -               
 W350                 (Verilog) lint            No             - RTLDULIST      -               
 W346                 (Verilog) lint            No             - RTLDULIST      -               
 W343                 (Verilog) lint            No             - ELABDU         -               
 W342                 (Verilog) lint            No             - ELABDU         -               
 W341                 (Verilog) lint            No             - ELABDU         -               
 W337                 (Verilog) lint            No             - ELABDU         -               
 W333                 (Verilog) lint            No             - RTLDULIST      -               
 W332                 (Verilog) lint            No             - ELABDU         -               
 W317                 (Verilog) lint            No             - RTLDULIST      -               
 W316                 (Verilog) lint            No             - ELABDU         -               
 W314                 (Verilog) lint            No             - ELABDU         -               
 W313                 (Verilog) lint            No             - ELABDU         -               
 W312                 (Verilog) lint            No             - ELABDU         -               
 W311                 (Verilog) lint            No             - ELABDU         -               
 W310                 (Verilog) lint            No             - ELABDU         -               
 W309                 (Verilog) lint            No             - ELABDU         -               
 W308                 (Verilog) lint            No             - ELABDU         -               
 W307                 (Verilog) lint            No             - ELABDU         -               
 W306                 (Verilog) lint            No             - ELABDU         -               
 W289                 (Verilog) lint            No             - ELABDU         -               
 W280                 (Verilog) lint            No             - RTLDULIST      -               
 W263                 (Verilog) lint            No             - ELABDU         -               
 W256                 (Verilog) lint            No             - RTLDULIST      -               
 W254                 (Verilog) lint            No             - RTLDULIST      -               
 W253                 (Verilog) lint            No             - RTLDULIST      -               
 W250                 (Verilog) lint            No             - RTLDULIST      -               
 W245                 (Verilog) lint            No             - ELABDU         -               
 W243                 (Verilog) lint            No             - RTLDULIST      -               
 W238                 (Verilog) lint            No             - ELABDU         -               
 W226                 (Verilog) lint            No             - ELABDU         -               
 W224                 (Verilog) lint            No             - ELABDU         -               
 W218                 (Verilog) lint            No             - ELABDU         -               
 W216                 (Verilog) lint            No             - ELABDU         -               
 W215                 (Verilog) lint            No             - ELABDU         -               
 W213                 (Verilog) lint            No             - RTLDULIST      -               
 W193                 (Verilog) lint            No             - RTLDULIST      -               
 W192                 (Verilog) lint            No             - RTLDULIST      -               
 W188                 (Verilog) lint            No             - ELABDU         -               
 W171                 (Verilog) lint            No             - ELABDU         -               
 W162                 (Verilog) lint            No             - ELABDU         -               
 W159                 (Verilog) lint            No             - ELABDU         -               
 W156                 (Verilog) lint            No             - ELABDU         -               
 W154                 (Verilog) lint            No             - RTLDULIST      -               
 W129                 (Verilog) lint            No             - RTLDULIST      -               
 W127                 (Verilog) lint            No             - RTLDULIST      -               
 W126                 (Verilog) lint            No             - RTLDULIST      -               
 W123                 (Verilog) lint            No             - ELABDU         -               
 W121                 (Verilog) lint            No             - ELABDU         -               
 W116                 (Verilog) lint            No             - ELABDU         -               
 W107                 (Verilog) lint            No             - ELABDU         -               
 W88                  (Verilog) lint            No             - ELABDU         -               
 W69                  (Verilog) lint            No             - ELABDU         -               
 W66                  (Verilog) lint            No             - ELABDU         -               
 W19                  (Verilog) lint            No             - ELABDU         -               
 W496b                (Verilog) lint            No             - RTLDULIST      -               
 W496a                (Verilog) lint            No             - ELABDU         -               
 W553                 (Verilog) lint            No             - ELABDU         -               
 W552                 (Verilog) lint            No             - ELABDU         -               
 W488                 (Verilog) lint            No             - ELABDU         -               
 W456a                (Verilog) lint            No             - ELABDU         -               
 W456                 (Verilog) lint            No             - ELABDU         -               
 W429                 (Verilog) lint            No             - ELABDU         -               
 W328                 (Verilog) lint            No             - ELABDU         -               
 W294                 (Verilog) lint            No             - RTLDULIST      -               
 W163                 (Verilog) lint            No             - ELABDU         -               
 W122                 (Verilog) lint            No             - ELABDU         -               
 W110                 (Verilog) lint            No             - ELABDU         -               
 W34                  (Verilog) lint            No             - RTLDULIST      -               
 W239                 (Verilog) lint            No             - ELABDU         -               
 infiniteloop         (Verilog) lint            No             - SETUP          -               
 readclock            (Verilog) lint            No             - SETUP          -               
 bothedges            (Verilog) lint            No             - SETUP          -               
 badimplicitSM4       (Verilog) lint            No             - SETUP          -               
 badimplicitSM2       (Verilog) lint            No             - SETUP          -               
 badimplicitSM1       (Verilog) lint            No             - SETUP          -               
 mixedsenselist       (Verilog) lint            No             - SETUP          -               
 W561                 (Verilog) lint            No             - SETUP          -               
 W546                 (Verilog) lint            No             - SETUP          -               
 W453                 (Verilog) lint            No             - ELABDU         -               
 W182n                (Verilog) lint            No             - SETUP          -               
 W182k                (Verilog) lint            No             - SETUP          -               
 W182h                (Verilog) lint            No             - SETUP          -               
 W182g                (Verilog) lint            No             - SETUP          -               
 W182c                (Verilog) lint            No             - RTLDULIST      -               
 W442f                (Verilog) lint            No             - SETUP          -               
 W442c                (Verilog) lint            No             - SETUP          -               
 W442b                (Verilog) lint            No             - SETUP          -               
 W442a                (Verilog) lint            No             - SETUP          -               
 W348                 (Verilog) lint            No             - SETUP          -               
 W339a                (Verilog) lint            No             - RTLDU          -               
 W326                 (Verilog) lint            No             - SETUP          -               
 W295                 (Verilog) lint            No             - RTLDULIST      -               
 W143                 (Verilog) lint            No             - SETUP          -               
 VerilintPragma       (Verilog) lint            No             - RTLDULIST      -               
 Prereqs_RTLSchematic (Verilog) lint            Yes            0 SETUP          -               
 LINT_portReten                 lint            Yes            0 SETUP          -               
 Postreqs_CheckFuncTask(Verilog) lint            Yes            0 ELABDU         -               
 Prereqs_Usage        (Verilog) lint            Yes            0 ELABDU         -               
 LINT_abstract01                lint            Yes            1 FLATDU2_WL     -               
 preReq_W351          (Verilog) lint            Yes            0 RTLDULIST      -               
 checkCMD_unset_option          SpyGlass        Yes            1 SETUP          -               
 WRN_1021             (Verilog) SpyGlass        Yes           16 SETUP          -               
 WRN_64               (Verilog) SpyGlass        Yes           16 SETUP          -               
 SYNTH_5166                     SpyGlass        Yes            1 SETUP          -               
 SYNTH_5143           (Verilog) SpyGlass        Yes            1 SETUP          -               
 SYNTH_89             (Verilog) SpyGlass        Yes           15 SETUP          -               
 WRN_69               (Verilog) SpyGlass        Yes            1 SETUP          -               
 ElabSummary                    SpyGlass        Yes            1 SETUP          -               
 DetectTopDesignUnits           SpyGlass        Yes            1 RTLALLDULIST   -               
-------------------------------------------------------------------------------------
Note: VSDU type of rules (as seen in the above table) are not run on
      unsynthesized modules reported by 'ErrorAnalyzeBBox/InfoAnalyzeBBox' messages
      (Please see messages starting with keyword 'UnsynthesizedDU')

##status : SpyGlass Rule Checking Complete.

---------------------------------------------------------------------------------------------
Results Summary:
---------------------------------------------------------------------------------------------
   Goal Run           :      lint/lint_abstract
   Command-line read  :      0 error,      1 warning,      0 information message 
   Design Read        :      0 error,     50 warnings,     2 information messages
      Found 1 top module:
         fullchip_tb   (file: verilog/fullchip_tb.v)

   Blackbox Resolution:      0 error,      0 warning,      0 information message 
   SGDC Checks        :      0 error,      0 warning,      0 information message 
   Policy lint        :      0 error,      0 warning,      1 information message 
   -------------------------------------------------------------------------------------
   Total              :      0 error,     51 warnings,     3 information messages

  Total Number of Generated Messages     :        54 (0 error, 51 warnings, 3 Infos)
  Number of Reported Messages            :        54 (0 error, 51 warnings, 3 Infos)

---------------------------------------------------------------------------------------------



SpyGlass Rule Checking Complete.

Generating moresimple report from './spyglass-1/lint/lint_abstract/spyglass.vdb' to './spyglass-1/lint/lint_abstract/spyglass_reports/moresimple.rpt' ....

Generating runsummary report from './spyglass-1/lint/lint_abstract/spyglass.vdb' ....

Generating no_msg_reporting_rules report from './spyglass-1/lint/lint_abstract/spyglass.vdb' to './spyglass-1/lint/lint_abstract/spyglass_reports/no_msg_reporting_rules.rpt' ....

Policy specific data (reports) are present in the directory './spyglass-1/lint/lint_abstract/spyglass_reports'.

SpyGlass critical reports for the current run are present in directory './spyglass-1/consolidated_reports/lint_lint_abstract/'.


---------------------------------------------------------------------------------------------------
Results Summary:
---------------------------------------------------------------------------------------------------
   Goal Run           :      lint/lint_abstract
   Top Module         :      fullchip_tb
---------------------------------------------------------------------------------------------------
   Reports Directory: 
   /home/caden99/Documents/projects/vector_processor/1D_Vector_Processor/spyglass-1/consolidated_reports/lint_lint_abstract/ 

   SpyGlass LogFile: 
    /home/caden99/Documents/projects/vector_processor/1D_Vector_Processor/spyglass-1/lint/lint_abstract/spyglass.log 

   Standard Reports: 
     moresimple.rpt          no_msg_reporting_rules.rpt       

   HTML report:
    /home/caden99/Documents/projects/vector_processor/1D_Vector_Processor/spyglass-1/html_reports/goals_summary.html
  

   Technology Reports:  
     <Not Available>
   
   
---------------------------------------------------------------------------------------------------
   Goal Violation Summary:
       Waived   Messages:                      0 Errors,      0 Warnings,      0 Infos
       Reported Messages:         0 Fatals,    0 Errors,     51 Warnings,      3 Infos
---------------------------------------------------------------------------------------------------
   
---------------------------------------------------------------------------------------------------
 
SpyGlass Exit Code 0 (Rule-checking completed with warnings)
SpyGlass total run-time is 00:00:01 (1 secs)
SpyGlass total cpu-time is 2 secs
SpyGlass run completed at 03:40:35 PM on May 14 2026
