
################################################################################
#
# This file has been generated by SpyGlass:
#     Report Name      : moresimple
#     Report Created by: caden99
#     Report Created on:  Thu May 14 14:23:16 2026
#     Working Directory: /home/caden99/Documents/projects/vector_processor/1D_Vector_Processor
#     SpyGlass Version : SpyGlass_vP-2019.06-SP1-1
#     Policy Name      : SpyGlass(SpyGlass_vP-2019.06-SP1-01)
#                        clock-reset(SpyGlass_vP-2019.06-SP1-01)
#                        latch(SpyGlass_vP-2019.06-SP1-01)
#                        morelint(SpyGlass_vP-2019.06-SP1-01)
#                        openmore(SpyGlass_vP-2019.06-SP1-01)
#                        power_est(SpyGlass_vL-2016.06)
#                        starc(SpyGlass_vP-2019.06-SP1-01)
#                        timing(SpyGlass_vP-2019.06-SP1-01)
#                        txv(SpyGlass_vP-2019.06-SP1-01)
#
#     Total Number of Generated Messages :         51
#     Number of Waived Messages          :          0
#     Number of Reported Messages        :         51
#     Number of Overlimit Messages       :          0
#
#
################################################################################

+++++++++++++++++++++++++++++++++++++++++++++++++++++++++++++++++++++++
MORESIMPLE REPORT:
############### FATAL MESSAGES ############### 
+++++++++++++++++++++++++++++++++++++++++++++++++++++++++++++++++++++++++++++++++
ID       Rule           Alias          Severity    File                      Line    Wt      Message
======================================================================================
[2]      STX_VE_479     STX_VE_479     Syntax      verilog/fifo_mux_2_1.v    19      1000    Syntax error near ( for ). Please use 'set_option enableV05 yes' to support Verilog-2005 construct ( Generate for outside generate/endgenerate )
[3]      STX_VE_1188    STX_VE_1188    Syntax      verilog/fifo_mux_2_1.v    19      1000    Invalid context for genvar 'i'. A genvar can be used only inside of the generate loop that it indexes
[4]      STX_VE_1188    STX_VE_1188    Syntax      verilog/fifo_mux_2_1.v    19      1000    Invalid context for genvar 'i'. A genvar can be used only inside of the generate loop that it indexes
[5]      STX_VE_1188    STX_VE_1188    Syntax      verilog/fifo_mux_2_1.v    20      1000    Invalid context for genvar 'i'. A genvar can be used only inside of the generate loop that it indexes
[6]      STX_VE_1188    STX_VE_1188    Syntax      verilog/fifo_mux_2_1.v    20      1000    Invalid context for genvar 'i'. A genvar can be used only inside of the generate loop that it indexes
[7]      STX_VE_1188    STX_VE_1188    Syntax      verilog/fifo_mux_2_1.v    21      1000    Invalid context for genvar 'i'. A genvar can be used only inside of the generate loop that it indexes
[8]      STX_VE_1188    STX_VE_1188    Syntax      verilog/fifo_mux_2_1.v    21      1000    Invalid context for genvar 'i'. A genvar can be used only inside of the generate loop that it indexes
[9]      STX_VE_1188    STX_VE_1188    Syntax      verilog/fifo_mux_2_1.v    22      1000    Invalid context for genvar 'i'. A genvar can be used only inside of the generate loop that it indexes
[A]      STX_VE_1188    STX_VE_1188    Syntax      verilog/fifo_mux_2_1.v    22      1000    Invalid context for genvar 'i'. A genvar can be used only inside of the generate loop that it indexes
[B]      STX_VE_1188    STX_VE_1188    Syntax      verilog/fifo_mux_2_1.v    22      1000    Invalid context for genvar 'i'. A genvar can be used only inside of the generate loop that it indexes
[1A]     STX_VE_479     STX_VE_479     Syntax      verilog/mac_array.v       29      1000    Syntax error near ( for ). Please use 'set_option enableV05 yes' to support Verilog-2005 construct ( Generate for outside generate/endgenerate )
[1B]     STX_VE_1188    STX_VE_1188    Syntax      verilog/mac_array.v       29      1000    Invalid context for genvar 'i'. A genvar can be used only inside of the generate loop that it indexes
[1C]     STX_VE_1188    STX_VE_1188    Syntax      verilog/mac_array.v       29      1000    Invalid context for genvar 'i'. A genvar can be used only inside of the generate loop that it indexes
[1D]     STX_VE_1188    STX_VE_1188    Syntax      verilog/mac_array.v       30      1000    Invalid context for genvar 'i'. A genvar can be used only inside of the generate loop that it indexes
[1E]     STX_VE_1188    STX_VE_1188    Syntax      verilog/mac_array.v       31      1000    Invalid context for genvar 'i'. A genvar can be used only inside of the generate loop that it indexes
[1F]     STX_VE_1188    STX_VE_1188    Syntax      verilog/mac_array.v       31      1000    Invalid context for genvar 'i'. A genvar can be used only inside of the generate loop that it indexes
[20]     STX_VE_1188    STX_VE_1188    Syntax      verilog/mac_array.v       32      1000    Invalid context for genvar 'i'. A genvar can be used only inside of the generate loop that it indexes
[21]     STX_VE_1188    STX_VE_1188    Syntax      verilog/mac_array.v       32      1000    Invalid context for genvar 'i'. A genvar can be used only inside of the generate loop that it indexes
[22]     STX_VE_1188    STX_VE_1188    Syntax      verilog/mac_array.v       35      1000    Invalid context for genvar 'i'. A genvar can be used only inside of the generate loop that it indexes
[23]     STX_VE_1188    STX_VE_1188    Syntax      verilog/mac_array.v       36      1000    Invalid context for genvar 'i'. A genvar can be used only inside of the generate loop that it indexes
[24]     STX_VE_1188    STX_VE_1188    Syntax      verilog/mac_array.v       36      1000    Invalid context for genvar 'i'. A genvar can be used only inside of the generate loop that it indexes
[25]     STX_VE_1188    STX_VE_1188    Syntax      verilog/mac_array.v       37      1000    Invalid context for genvar 'i'. A genvar can be used only inside of the generate loop that it indexes
[26]     STX_VE_1188    STX_VE_1188    Syntax      verilog/mac_array.v       37      1000    Invalid context for genvar 'i'. A genvar can be used only inside of the generate loop that it indexes
[27]     STX_VE_1188    STX_VE_1188    Syntax      verilog/mac_array.v       38      1000    Invalid context for genvar 'i'. A genvar can be used only inside of the generate loop that it indexes
[28]     STX_VE_1188    STX_VE_1188    Syntax      verilog/mac_array.v       38      1000    Invalid context for genvar 'i'. A genvar can be used only inside of the generate loop that it indexes
[29]     STX_VE_479     STX_VE_479     Syntax      verilog/ofifo.v           27      1000    Syntax error near ( for ). Please use 'set_option enableV05 yes' to support Verilog-2005 construct ( Generate for outside generate/endgenerate )
[2A]     STX_VE_1188    STX_VE_1188    Syntax      verilog/ofifo.v           27      1000    Invalid context for genvar 'i'. A genvar can be used only inside of the generate loop that it indexes
[2B]     STX_VE_1188    STX_VE_1188    Syntax      verilog/ofifo.v           27      1000    Invalid context for genvar 'i'. A genvar can be used only inside of the generate loop that it indexes
[2C]     STX_VE_1188    STX_VE_1188    Syntax      verilog/ofifo.v           32      1000    Invalid context for genvar 'i'. A genvar can be used only inside of the generate loop that it indexes
[2D]     STX_VE_1188    STX_VE_1188    Syntax      verilog/ofifo.v           33      1000    Invalid context for genvar 'i'. A genvar can be used only inside of the generate loop that it indexes
[2E]     STX_VE_1188    STX_VE_1188    Syntax      verilog/ofifo.v           33      1000    Invalid context for genvar 'i'. A genvar can be used only inside of the generate loop that it indexes
[2F]     STX_VE_1188    STX_VE_1188    Syntax      verilog/ofifo.v           34      1000    Invalid context for genvar 'i'. A genvar can be used only inside of the generate loop that it indexes
[30]     STX_VE_1188    STX_VE_1188    Syntax      verilog/ofifo.v           34      1000    Invalid context for genvar 'i'. A genvar can be used only inside of the generate loop that it indexes
[31]     STX_VE_1188    STX_VE_1188    Syntax      verilog/ofifo.v           35      1000    Invalid context for genvar 'i'. A genvar can be used only inside of the generate loop that it indexes
[32]     STX_VE_1188    STX_VE_1188    Syntax      verilog/ofifo.v           36      1000    Invalid context for genvar 'i'. A genvar can be used only inside of the generate loop that it indexes
+++++++++++++++++++++++++++++++++++++++++++++++++++++++++++++++++++++++++++++++++++++++


############### BuiltIn -> RuleGroup=Design Read ###############
+++++++++++++++++++++++++++++++++++++++++++++++++++++++++++++++++++++++++++++++++++++++
ID       Rule        Alias       Severity            File                      Line    Wt      Message
======================================================================================
[0]      SYNTH_89    SYNTH_89    SynthesisWarning    verilog/fifo_depth16.v    20      1000    Initial Assignment at Declaration for ( rd_ptr ) is ignored by synthesis
[1]      SYNTH_89    SYNTH_89    SynthesisWarning    verilog/fifo_depth16.v    21      1000    Initial Assignment at Declaration for ( wr_ptr ) is ignored by synthesis
[D]      SYNTH_89    SYNTH_89    SynthesisWarning    verilog/fullchip_tb.v     36      1000    Initial Assignment at Declaration for ( reset ) is ignored by synthesis
[E]      SYNTH_89    SYNTH_89    SynthesisWarning    verilog/fullchip_tb.v     37      1000    Initial Assignment at Declaration for ( clk ) is ignored by synthesis
[F]      SYNTH_89    SYNTH_89    SynthesisWarning    verilog/fullchip_tb.v     39      1000    Initial Assignment at Declaration for ( ofifo_rd ) is ignored by synthesis
[10]     SYNTH_89    SYNTH_89    SynthesisWarning    verilog/fullchip_tb.v     41      1000    Initial Assignment at Declaration for ( qmem_rd ) is ignored by synthesis
[11]     SYNTH_89    SYNTH_89    SynthesisWarning    verilog/fullchip_tb.v     42      1000    Initial Assignment at Declaration for ( qmem_wr ) is ignored by synthesis
[12]     SYNTH_89    SYNTH_89    SynthesisWarning    verilog/fullchip_tb.v     43      1000    Initial Assignment at Declaration for ( kmem_rd ) is ignored by synthesis
[13]     SYNTH_89    SYNTH_89    SynthesisWarning    verilog/fullchip_tb.v     44      1000    Initial Assignment at Declaration for ( kmem_wr ) is ignored by synthesis
[14]     SYNTH_89    SYNTH_89    SynthesisWarning    verilog/fullchip_tb.v     45      1000    Initial Assignment at Declaration for ( pmem_rd ) is ignored by synthesis
[15]     SYNTH_89    SYNTH_89    SynthesisWarning    verilog/fullchip_tb.v     46      1000    Initial Assignment at Declaration for ( pmem_wr ) is ignored by synthesis
[16]     SYNTH_89    SYNTH_89    SynthesisWarning    verilog/fullchip_tb.v     47      1000    Initial Assignment at Declaration for ( execute ) is ignored by synthesis
[17]     SYNTH_89    SYNTH_89    SynthesisWarning    verilog/fullchip_tb.v     48      1000    Initial Assignment at Declaration for ( load ) is ignored by synthesis
[18]     SYNTH_89    SYNTH_89    SynthesisWarning    verilog/fullchip_tb.v     49      1000    Initial Assignment at Declaration for ( qkmem_add ) is ignored by synthesis
[19]     SYNTH_89    SYNTH_89    SynthesisWarning    verilog/fullchip_tb.v     50      1000    Initial Assignment at Declaration for ( pmem_add ) is ignored by synthesis
[C]      WRN_69      WRN_69      Warning             verilog/fullchip_tb.v     6       1000    Compiler directive `timescale found for module 'fullchip_tb' (in the file verilog/fullchip_tb.v at line 4) while previous modules do not
+++++++++++++++++++++++++++++++++++++++++++++++++++++++++++++++++++++++++++++++++++++++
