
################################################################################
#
# This file has been generated by SpyGlass:
#     Report Name      : no_msg_reporting_rules
#     Report Created by: caden99
#     Report Created on:  Thu May 14 14:23:16 2026
#     Working Directory: /home/caden99/Documents/projects/vector_processor/1D_Vector_Processor
#     SpyGlass Version : SpyGlass_vP-2019.06-SP1-1
#     Policy Name      : SpyGlass(SpyGlass_vP-2019.06-SP1-01)
#                        clock-reset(SpyGlass_vP-2019.06-SP1-01)
#                        latch(SpyGlass_vP-2019.06-SP1-01)
#                        morelint(SpyGlass_vP-2019.06-SP1-01)
#                        openmore(SpyGlass_vP-2019.06-SP1-01)
#                        power_est(SpyGlass_vL-2016.06)
#                        starc(SpyGlass_vP-2019.06-SP1-01)
#                        timing(SpyGlass_vP-2019.06-SP1-01)
#                        txv(SpyGlass_vP-2019.06-SP1-01)
#
#     Total Number of Generated Messages :         51
#     Number of Waived Messages          :          0
#     Number of Reported Messages        :         51
#     Number of Overlimit Messages       :          0
#
#
################################################################################

NO VIOLATION RULE REPORT :
++++++++++++++++++++++++++++++++++++++++++++++++++++++++++++++++++++++++++++++++

Following rules did not produce any violation or waived off during spyglass run

++++++++++++++++++++++++++++++++++++++++++++++++++++++++++++++++++++++++++++++++


================================================================================
	INDEX                                   RULE-NAME
================================================================================
	1                                  ReportDeprecatedRules
	2                                  ReportObsoleteRules
	3                                  ResetFlop-ML
	4                                  ZeroSizeFile
================================================================================
