
################################################################################
#
# This file has been generated by SpyGlass:
#     Report Name      : moresimple
#     Report Created by: caden99
#     Report Created on:  Thu May 14 15:40:31 2026
#     Working Directory: /home/caden99/Documents/projects/vector_processor/1D_Vector_Processor
#     SpyGlass Version : SpyGlass_vP-2019.06-SP1-1
#     Policy Name      : SpyGlass(SpyGlass_vP-2019.06-SP1-01)
#                        erc(SpyGlass_vP-2019.06-SP1-01)
#                        latch(SpyGlass_vP-2019.06-SP1-01)
#                        lint(SpyGlass_vP-2019.06-SP1-01)
#                        morelint(SpyGlass_vP-2019.06-SP1-01)
#                        openmore(SpyGlass_vP-2019.06-SP1-01)
#                        simulation(SpyGlass_vP-2019.06-SP1-01)
#                        starc(SpyGlass_vP-2019.06-SP1-01)
#                        starc2005(SpyGlass_vP-2019.06-SP1-01)
#                        timing(SpyGlass_vP-2019.06-SP1-01)
#
#     Total Number of Generated Messages :        115
#     Number of Waived Messages          :          0
#     Number of Reported Messages        :        115
#     Number of Overlimit Messages       :          0
#
#
################################################################################

+++++++++++++++++++++++++++++++++++++++++++++++++++++++++++++++++++++++
MORESIMPLE REPORT:


############### BuiltIn -> RuleGroup=Command-line read ###############
+++++++++++++++++++++++++++++++++++++++++++++++++++++++++++++++++++++++++++++++++++++++
ID       Rule                     Alias          Severity    File    Line    Wt    Message
======================================================================================
[0]      checkCMD_unset_option    UnsetOption    Warning     N.A.    0       10    Option/Parameter 'enable_save_restore': Failed to check out license feature 'save_restore'.SpyGlass would disable 'save-restore' feature
+++++++++++++++++++++++++++++++++++++++++++++++++++++++++++++++++++++++++++++++++++++++


############### BuiltIn -> RuleGroup=Design Read ###############
+++++++++++++++++++++++++++++++++++++++++++++++++++++++++++++++++++++++++++++++++++++++
ID       Rule                    Alias                   Severity            File                                                                     Line    Wt      Message
======================================================================================
[32]     DetectTopDesignUnits    DetectTopDesignUnits    Info                verilog/fullchip_tb.v                                                    6       2       Module fullchip_tb is a top level design unit
[6E]     SYNTH_5143                                      SynthesisWarning    verilog/fullchip_tb.v                                                    82      1000    fullchip_tb -> Initial block is ignored for synthesis
[6D]     SYNTH_5166                                      SynthesisWarning    verilog/core.v                                                           107     1000    core -> ($display) Statement is not synthesizable. Ignoring it
[1]      SYNTH_89                SYNTH_89                SynthesisWarning    verilog/fifo_depth16.v                                                   20      1000    Initial Assignment at Declaration for ( rd_ptr ) is ignored by synthesis
[2]      SYNTH_89                SYNTH_89                SynthesisWarning    verilog/fifo_depth16.v                                                   21      1000    Initial Assignment at Declaration for ( wr_ptr ) is ignored by synthesis
[4]      SYNTH_89                SYNTH_89                SynthesisWarning    verilog/fullchip_tb.v                                                    36      1000    Initial Assignment at Declaration for ( reset ) is ignored by synthesis
[5]      SYNTH_89                SYNTH_89                SynthesisWarning    verilog/fullchip_tb.v                                                    37      1000    Initial Assignment at Declaration for ( clk ) is ignored by synthesis
[6]      SYNTH_89                SYNTH_89                SynthesisWarning    verilog/fullchip_tb.v                                                    39      1000    Initial Assignment at Declaration for ( ofifo_rd ) is ignored by synthesis
[7]      SYNTH_89                SYNTH_89                SynthesisWarning    verilog/fullchip_tb.v                                                    41      1000    Initial Assignment at Declaration for ( qmem_rd ) is ignored by synthesis
[8]      SYNTH_89                SYNTH_89                SynthesisWarning    verilog/fullchip_tb.v                                                    42      1000    Initial Assignment at Declaration for ( qmem_wr ) is ignored by synthesis
[9]      SYNTH_89                SYNTH_89                SynthesisWarning    verilog/fullchip_tb.v                                                    43      1000    Initial Assignment at Declaration for ( kmem_rd ) is ignored by synthesis
[A]      SYNTH_89                SYNTH_89                SynthesisWarning    verilog/fullchip_tb.v                                                    44      1000    Initial Assignment at Declaration for ( kmem_wr ) is ignored by synthesis
[B]      SYNTH_89                SYNTH_89                SynthesisWarning    verilog/fullchip_tb.v                                                    45      1000    Initial Assignment at Declaration for ( pmem_rd ) is ignored by synthesis
[C]      SYNTH_89                SYNTH_89                SynthesisWarning    verilog/fullchip_tb.v                                                    46      1000    Initial Assignment at Declaration for ( pmem_wr ) is ignored by synthesis
[D]      SYNTH_89                SYNTH_89                SynthesisWarning    verilog/fullchip_tb.v                                                    47      1000    Initial Assignment at Declaration for ( execute ) is ignored by synthesis
[E]      SYNTH_89                SYNTH_89                SynthesisWarning    verilog/fullchip_tb.v                                                    48      1000    Initial Assignment at Declaration for ( load ) is ignored by synthesis
[F]      SYNTH_89                SYNTH_89                SynthesisWarning    verilog/fullchip_tb.v                                                    49      1000    Initial Assignment at Declaration for ( qkmem_add ) is ignored by synthesis
[10]     SYNTH_89                SYNTH_89                SynthesisWarning    verilog/fullchip_tb.v                                                    50      1000    Initial Assignment at Declaration for ( pmem_add ) is ignored by synthesis
[12]     WRN_1021                WRN_1021                Warning             verilog/fullchip_tb.v                                                    209     1000    Array index ( [8] ) out-of-bounds, index value ( 8 ) is out of permissible range ([7:0])
[14]     WRN_1021                WRN_1021                Warning             verilog/fullchip_tb.v                                                    210     1000    Array index ( [9] ) out-of-bounds, index value ( 9 ) is out of permissible range ([7:0])
[16]     WRN_1021                WRN_1021                Warning             verilog/fullchip_tb.v                                                    211     1000    Array index ( [10] ) out-of-bounds, index value ( 10 ) is out of permissible range ([7:0])
[18]     WRN_1021                WRN_1021                Warning             verilog/fullchip_tb.v                                                    212     1000    Array index ( [11] ) out-of-bounds, index value ( 11 ) is out of permissible range ([7:0])
[1A]     WRN_1021                WRN_1021                Warning             verilog/fullchip_tb.v                                                    213     1000    Array index ( [12] ) out-of-bounds, index value ( 12 ) is out of permissible range ([7:0])
[1C]     WRN_1021                WRN_1021                Warning             verilog/fullchip_tb.v                                                    214     1000    Array index ( [13] ) out-of-bounds, index value ( 13 ) is out of permissible range ([7:0])
[1E]     WRN_1021                WRN_1021                Warning             verilog/fullchip_tb.v                                                    215     1000    Array index ( [14] ) out-of-bounds, index value ( 14 ) is out of permissible range ([7:0])
[20]     WRN_1021                WRN_1021                Warning             verilog/fullchip_tb.v                                                    216     1000    Array index ( [15] ) out-of-bounds, index value ( 15 ) is out of permissible range ([7:0])
[22]     WRN_1021                WRN_1021                Warning             verilog/fullchip_tb.v                                                    250     1000    Array index ( [8] ) out-of-bounds, index value ( 8 ) is out of permissible range ([7:0])
[24]     WRN_1021                WRN_1021                Warning             verilog/fullchip_tb.v                                                    251     1000    Array index ( [9] ) out-of-bounds, index value ( 9 ) is out of permissible range ([7:0])
[26]     WRN_1021                WRN_1021                Warning             verilog/fullchip_tb.v                                                    252     1000    Array index ( [10] ) out-of-bounds, index value ( 10 ) is out of permissible range ([7:0])
[28]     WRN_1021                WRN_1021                Warning             verilog/fullchip_tb.v                                                    253     1000    Array index ( [11] ) out-of-bounds, index value ( 11 ) is out of permissible range ([7:0])
[2A]     WRN_1021                WRN_1021                Warning             verilog/fullchip_tb.v                                                    254     1000    Array index ( [12] ) out-of-bounds, index value ( 12 ) is out of permissible range ([7:0])
[2C]     WRN_1021                WRN_1021                Warning             verilog/fullchip_tb.v                                                    255     1000    Array index ( [13] ) out-of-bounds, index value ( 13 ) is out of permissible range ([7:0])
[2E]     WRN_1021                WRN_1021                Warning             verilog/fullchip_tb.v                                                    256     1000    Array index ( [14] ) out-of-bounds, index value ( 14 ) is out of permissible range ([7:0])
[30]     WRN_1021                WRN_1021                Warning             verilog/fullchip_tb.v                                                    257     1000    Array index ( [15] ) out-of-bounds, index value ( 15 ) is out of permissible range ([7:0])
[11]     WRN_64                  WRN_64                  Warning             verilog/fullchip_tb.v                                                    209     1000    Part-select ( mem_in[((9 * bw) - 1):(8 * bw)]  ) is out-of-range
[13]     WRN_64                  WRN_64                  Warning             verilog/fullchip_tb.v                                                    210     1000    Part-select ( mem_in[((10 * bw) - 1):(9 * bw)]  ) is out-of-range
[15]     WRN_64                  WRN_64                  Warning             verilog/fullchip_tb.v                                                    211     1000    Part-select ( mem_in[((11 * bw) - 1):(10 * bw)]  ) is out-of-range
[17]     WRN_64                  WRN_64                  Warning             verilog/fullchip_tb.v                                                    212     1000    Part-select ( mem_in[((12 * bw) - 1):(11 * bw)]  ) is out-of-range
[19]     WRN_64                  WRN_64                  Warning             verilog/fullchip_tb.v                                                    213     1000    Part-select ( mem_in[((13 * bw) - 1):(12 * bw)]  ) is out-of-range
[1B]     WRN_64                  WRN_64                  Warning             verilog/fullchip_tb.v                                                    214     1000    Part-select ( mem_in[((14 * bw) - 1):(13 * bw)]  ) is out-of-range
[1D]     WRN_64                  WRN_64                  Warning             verilog/fullchip_tb.v                                                    215     1000    Part-select ( mem_in[((15 * bw) - 1):(14 * bw)]  ) is out-of-range
[1F]     WRN_64                  WRN_64                  Warning             verilog/fullchip_tb.v                                                    216     1000    Part-select ( mem_in[((16 * bw) - 1):(15 * bw)]  ) is out-of-range
[21]     WRN_64                  WRN_64                  Warning             verilog/fullchip_tb.v                                                    250     1000    Part-select ( mem_in[((9 * bw) - 1):(8 * bw)]  ) is out-of-range
[23]     WRN_64                  WRN_64                  Warning             verilog/fullchip_tb.v                                                    251     1000    Part-select ( mem_in[((10 * bw) - 1):(9 * bw)]  ) is out-of-range
[25]     WRN_64                  WRN_64                  Warning             verilog/fullchip_tb.v                                                    252     1000    Part-select ( mem_in[((11 * bw) - 1):(10 * bw)]  ) is out-of-range
[27]     WRN_64                  WRN_64                  Warning             verilog/fullchip_tb.v                                                    253     1000    Part-select ( mem_in[((12 * bw) - 1):(11 * bw)]  ) is out-of-range
[29]     WRN_64                  WRN_64                  Warning             verilog/fullchip_tb.v                                                    254     1000    Part-select ( mem_in[((13 * bw) - 1):(12 * bw)]  ) is out-of-range
[2B]     WRN_64                  WRN_64                  Warning             verilog/fullchip_tb.v                                                    255     1000    Part-select ( mem_in[((14 * bw) - 1):(13 * bw)]  ) is out-of-range
[2D]     WRN_64                  WRN_64                  Warning             verilog/fullchip_tb.v                                                    256     1000    Part-select ( mem_in[((15 * bw) - 1):(14 * bw)]  ) is out-of-range
[2F]     WRN_64                  WRN_64                  Warning             verilog/fullchip_tb.v                                                    257     1000    Part-select ( mem_in[((16 * bw) - 1):(15 * bw)]  ) is out-of-range
[3]      WRN_69                  WRN_69                  Warning             verilog/fullchip_tb.v                                                    6       1000    Compiler directive `timescale found for module 'fullchip_tb' (in the file verilog/fullchip_tb.v at line 4) while previous modules do not
[31]     ElabSummary             ElabSummary             Info                ./spyglass-1/lint/lint_rtl/spyglass_reports/SpyGlass/elab_summary.rpt    0       2       Please refer file './spyglass-1/lint/lint_rtl/spyglass_reports/SpyGlass/elab_summary.rpt' for elab summary report
+++++++++++++++++++++++++++++++++++++++++++++++++++++++++++++++++++++++++++++++++++++++


############### Non-BuiltIn -> Goal=lint/lint_rtl ###############
+++++++++++++++++++++++++++++++++++++++++++++++++++++++++++++++++++++++++++++++++++++++
ID       Rule                 Alias                 Severity    File                                                                      Line    Wt    Message
======================================================================================
[6F]     UndrivenInTerm-ML                          Error       verilog/fullchip_tb.v                                                     74      10    Detected undriven input terminal fullchip_tb.fullchip_instance.reset
[70]     UndrivenInTerm-ML                          Error       verilog/fullchip_tb.v                                                     75      10    Detected undriven input terminal fullchip_tb.fullchip_instance.clk
[72]     UndrivenInTerm-ML                          Error       verilog/fullchip_tb.v                                                     76      10    Detected undriven input terminal fullchip_tb.fullchip_instance.mem_in[63:0]
[71]     UndrivenInTerm-ML                          Error       verilog/fullchip_tb.v                                                     77      10    Detected undriven input terminal fullchip_tb.fullchip_instance.inst[16:0]
[36]     W123                                       Error       verilog/fullchip_tb.v                                                     147     10    Variable 'captured_data' read but never set.[Hierarchy: ':fullchip_tb']
[73]     STARC05-1.3.1.3      AsyncResetOtherUse    Warning     verilog/sram_w16.v                                                        51      10    Asynchronous reset signal 'fullchip_tb.reset' (flop: 'fullchip_tb.fullchip_instance.core_instance.qmem_instance.memory0[0]') used as non-reset/synchronous-reset at instance 'fullchip_tb.fullchip_instance.core_instance.mac_array_instance.\col_idx[1].mac_col_inst .\cnt_q_reg[0] .EN' (File Name: 'verilog/mac_col.v' ,Line no.: '40')
[33]     W287b                                      Warning     verilog/core.v                                                            61      5     Instance output port 'o_full' is not connected
[34]     W287b                                      Warning     verilog/fullchip.v                                                        19      5     Instance output port 'sum_out' is not connected
[35]     W287b                                      Warning     verilog/fullchip.v                                                        19      5     Instance output port 'out' is not connected
[3D]     W415a                                      Warning     verilog/mac_col.v                                                         60      5     Signal query_q is being assigned multiple times ( previous assignment at line 55 ) in same always block [Hierarchy: ':fullchip_tb:fullchip_instance@fullchip:core_instance@core:mac_array_instance@mac_array:\col_idx[1].mac_col_inst @mac_col']
[43]     W415a                                      Warning     verilog/mac_col.v                                                         60      5     Signal query_q is being assigned multiple times ( previous assignment at line 55 ) in same always block [Hierarchy: ':fullchip_tb:fullchip_instance@fullchip:core_instance@core:mac_array_instance@mac_array:\col_idx[2].mac_col_inst @mac_col']
[49]     W415a                                      Warning     verilog/mac_col.v                                                         60      5     Signal query_q is being assigned multiple times ( previous assignment at line 55 ) in same always block [Hierarchy: ':fullchip_tb:fullchip_instance@fullchip:core_instance@core:mac_array_instance@mac_array:\col_idx[3].mac_col_inst @mac_col']
[4F]     W415a                                      Warning     verilog/mac_col.v                                                         60      5     Signal query_q is being assigned multiple times ( previous assignment at line 55 ) in same always block [Hierarchy: ':fullchip_tb:fullchip_instance@fullchip:core_instance@core:mac_array_instance@mac_array:\col_idx[4].mac_col_inst @mac_col']
[55]     W415a                                      Warning     verilog/mac_col.v                                                         60      5     Signal query_q is being assigned multiple times ( previous assignment at line 55 ) in same always block [Hierarchy: ':fullchip_tb:fullchip_instance@fullchip:core_instance@core:mac_array_instance@mac_array:\col_idx[5].mac_col_inst @mac_col']
[5B]     W415a                                      Warning     verilog/mac_col.v                                                         60      5     Signal query_q is being assigned multiple times ( previous assignment at line 55 ) in same always block [Hierarchy: ':fullchip_tb:fullchip_instance@fullchip:core_instance@core:mac_array_instance@mac_array:\col_idx[6].mac_col_inst @mac_col']
[61]     W415a                                      Warning     verilog/mac_col.v                                                         60      5     Signal query_q is being assigned multiple times ( previous assignment at line 55 ) in same always block [Hierarchy: ':fullchip_tb:fullchip_instance@fullchip:core_instance@core:mac_array_instance@mac_array:\col_idx[7].mac_col_inst @mac_col']
[67]     W415a                                      Warning     verilog/mac_col.v                                                         60      5     Signal query_q is being assigned multiple times ( previous assignment at line 55 ) in same always block [Hierarchy: ':fullchip_tb:fullchip_instance@fullchip:core_instance@core:mac_array_instance@mac_array:\col_idx[8].mac_col_inst @mac_col']
[3E]     W415a                                      Warning     verilog/mac_col.v                                                         62      5     Signal cnt_q is being assigned multiple times ( previous assignment at line 53 ) in same always block [Hierarchy: ':fullchip_tb:fullchip_instance@fullchip:core_instance@core:mac_array_instance@mac_array:\col_idx[1].mac_col_inst @mac_col']
[44]     W415a                                      Warning     verilog/mac_col.v                                                         62      5     Signal cnt_q is being assigned multiple times ( previous assignment at line 53 ) in same always block [Hierarchy: ':fullchip_tb:fullchip_instance@fullchip:core_instance@core:mac_array_instance@mac_array:\col_idx[2].mac_col_inst @mac_col']
[4A]     W415a                                      Warning     verilog/mac_col.v                                                         62      5     Signal cnt_q is being assigned multiple times ( previous assignment at line 53 ) in same always block [Hierarchy: ':fullchip_tb:fullchip_instance@fullchip:core_instance@core:mac_array_instance@mac_array:\col_idx[3].mac_col_inst @mac_col']
[50]     W415a                                      Warning     verilog/mac_col.v                                                         62      5     Signal cnt_q is being assigned multiple times ( previous assignment at line 53 ) in same always block [Hierarchy: ':fullchip_tb:fullchip_instance@fullchip:core_instance@core:mac_array_instance@mac_array:\col_idx[4].mac_col_inst @mac_col']
[56]     W415a                                      Warning     verilog/mac_col.v                                                         62      5     Signal cnt_q is being assigned multiple times ( previous assignment at line 53 ) in same always block [Hierarchy: ':fullchip_tb:fullchip_instance@fullchip:core_instance@core:mac_array_instance@mac_array:\col_idx[5].mac_col_inst @mac_col']
[5C]     W415a                                      Warning     verilog/mac_col.v                                                         62      5     Signal cnt_q is being assigned multiple times ( previous assignment at line 53 ) in same always block [Hierarchy: ':fullchip_tb:fullchip_instance@fullchip:core_instance@core:mac_array_instance@mac_array:\col_idx[6].mac_col_inst @mac_col']
[62]     W415a                                      Warning     verilog/mac_col.v                                                         62      5     Signal cnt_q is being assigned multiple times ( previous assignment at line 53 ) in same always block [Hierarchy: ':fullchip_tb:fullchip_instance@fullchip:core_instance@core:mac_array_instance@mac_array:\col_idx[7].mac_col_inst @mac_col']
[68]     W415a                                      Warning     verilog/mac_col.v                                                         62      5     Signal cnt_q is being assigned multiple times ( previous assignment at line 53 ) in same always block [Hierarchy: ':fullchip_tb:fullchip_instance@fullchip:core_instance@core:mac_array_instance@mac_array:\col_idx[8].mac_col_inst @mac_col']
[3F]     W415a                                      Warning     verilog/mac_col.v                                                         63      5     Signal key_q is being assigned multiple times ( previous assignment at line 54 ) in same always block [Hierarchy: ':fullchip_tb:fullchip_instance@fullchip:core_instance@core:mac_array_instance@mac_array:\col_idx[1].mac_col_inst @mac_col']
[45]     W415a                                      Warning     verilog/mac_col.v                                                         63      5     Signal key_q is being assigned multiple times ( previous assignment at line 54 ) in same always block [Hierarchy: ':fullchip_tb:fullchip_instance@fullchip:core_instance@core:mac_array_instance@mac_array:\col_idx[2].mac_col_inst @mac_col']
[4B]     W415a                                      Warning     verilog/mac_col.v                                                         63      5     Signal key_q is being assigned multiple times ( previous assignment at line 54 ) in same always block [Hierarchy: ':fullchip_tb:fullchip_instance@fullchip:core_instance@core:mac_array_instance@mac_array:\col_idx[3].mac_col_inst @mac_col']
[51]     W415a                                      Warning     verilog/mac_col.v                                                         63      5     Signal key_q is being assigned multiple times ( previous assignment at line 54 ) in same always block [Hierarchy: ':fullchip_tb:fullchip_instance@fullchip:core_instance@core:mac_array_instance@mac_array:\col_idx[4].mac_col_inst @mac_col']
[57]     W415a                                      Warning     verilog/mac_col.v                                                         63      5     Signal key_q is being assigned multiple times ( previous assignment at line 54 ) in same always block [Hierarchy: ':fullchip_tb:fullchip_instance@fullchip:core_instance@core:mac_array_instance@mac_array:\col_idx[5].mac_col_inst @mac_col']
[5D]     W415a                                      Warning     verilog/mac_col.v                                                         63      5     Signal key_q is being assigned multiple times ( previous assignment at line 54 ) in same always block [Hierarchy: ':fullchip_tb:fullchip_instance@fullchip:core_instance@core:mac_array_instance@mac_array:\col_idx[6].mac_col_inst @mac_col']
[63]     W415a                                      Warning     verilog/mac_col.v                                                         63      5     Signal key_q is being assigned multiple times ( previous assignment at line 54 ) in same always block [Hierarchy: ':fullchip_tb:fullchip_instance@fullchip:core_instance@core:mac_array_instance@mac_array:\col_idx[7].mac_col_inst @mac_col']
[69]     W415a                                      Warning     verilog/mac_col.v                                                         63      5     Signal key_q is being assigned multiple times ( previous assignment at line 54 ) in same always block [Hierarchy: ':fullchip_tb:fullchip_instance@fullchip:core_instance@core:mac_array_instance@mac_array:\col_idx[8].mac_col_inst @mac_col']
[40]     W415a                                      Warning     verilog/mac_col.v                                                         64      5     Signal load_ready_q is being assigned multiple times ( previous assignment at line 56 ) in same always block [Hierarchy: ':fullchip_tb:fullchip_instance@fullchip:core_instance@core:mac_array_instance@mac_array:\col_idx[1].mac_col_inst @mac_col']
[46]     W415a                                      Warning     verilog/mac_col.v                                                         64      5     Signal load_ready_q is being assigned multiple times ( previous assignment at line 56 ) in same always block [Hierarchy: ':fullchip_tb:fullchip_instance@fullchip:core_instance@core:mac_array_instance@mac_array:\col_idx[2].mac_col_inst @mac_col']
[4C]     W415a                                      Warning     verilog/mac_col.v                                                         64      5     Signal load_ready_q is being assigned multiple times ( previous assignment at line 56 ) in same always block [Hierarchy: ':fullchip_tb:fullchip_instance@fullchip:core_instance@core:mac_array_instance@mac_array:\col_idx[3].mac_col_inst @mac_col']
[52]     W415a                                      Warning     verilog/mac_col.v                                                         64      5     Signal load_ready_q is being assigned multiple times ( previous assignment at line 56 ) in same always block [Hierarchy: ':fullchip_tb:fullchip_instance@fullchip:core_instance@core:mac_array_instance@mac_array:\col_idx[4].mac_col_inst @mac_col']
[58]     W415a                                      Warning     verilog/mac_col.v                                                         64      5     Signal load_ready_q is being assigned multiple times ( previous assignment at line 56 ) in same always block [Hierarchy: ':fullchip_tb:fullchip_instance@fullchip:core_instance@core:mac_array_instance@mac_array:\col_idx[5].mac_col_inst @mac_col']
[5E]     W415a                                      Warning     verilog/mac_col.v                                                         64      5     Signal load_ready_q is being assigned multiple times ( previous assignment at line 56 ) in same always block [Hierarchy: ':fullchip_tb:fullchip_instance@fullchip:core_instance@core:mac_array_instance@mac_array:\col_idx[6].mac_col_inst @mac_col']
[64]     W415a                                      Warning     verilog/mac_col.v                                                         64      5     Signal load_ready_q is being assigned multiple times ( previous assignment at line 56 ) in same always block [Hierarchy: ':fullchip_tb:fullchip_instance@fullchip:core_instance@core:mac_array_instance@mac_array:\col_idx[7].mac_col_inst @mac_col']
[6A]     W415a                                      Warning     verilog/mac_col.v                                                         64      5     Signal load_ready_q is being assigned multiple times ( previous assignment at line 56 ) in same always block [Hierarchy: ':fullchip_tb:fullchip_instance@fullchip:core_instance@core:mac_array_instance@mac_array:\col_idx[8].mac_col_inst @mac_col']
[41]     W415a                                      Warning     verilog/mac_col.v                                                         67      5     Signal cnt_q is being assigned multiple times ( previous assignment at line 53 ) in same always block [Hierarchy: ':fullchip_tb:fullchip_instance@fullchip:core_instance@core:mac_array_instance@mac_array:\col_idx[1].mac_col_inst @mac_col']
[47]     W415a                                      Warning     verilog/mac_col.v                                                         67      5     Signal cnt_q is being assigned multiple times ( previous assignment at line 53 ) in same always block [Hierarchy: ':fullchip_tb:fullchip_instance@fullchip:core_instance@core:mac_array_instance@mac_array:\col_idx[2].mac_col_inst @mac_col']
[4D]     W415a                                      Warning     verilog/mac_col.v                                                         67      5     Signal cnt_q is being assigned multiple times ( previous assignment at line 53 ) in same always block [Hierarchy: ':fullchip_tb:fullchip_instance@fullchip:core_instance@core:mac_array_instance@mac_array:\col_idx[3].mac_col_inst @mac_col']
[53]     W415a                                      Warning     verilog/mac_col.v                                                         67      5     Signal cnt_q is being assigned multiple times ( previous assignment at line 53 ) in same always block [Hierarchy: ':fullchip_tb:fullchip_instance@fullchip:core_instance@core:mac_array_instance@mac_array:\col_idx[4].mac_col_inst @mac_col']
[59]     W415a                                      Warning     verilog/mac_col.v                                                         67      5     Signal cnt_q is being assigned multiple times ( previous assignment at line 53 ) in same always block [Hierarchy: ':fullchip_tb:fullchip_instance@fullchip:core_instance@core:mac_array_instance@mac_array:\col_idx[5].mac_col_inst @mac_col']
[5F]     W415a                                      Warning     verilog/mac_col.v                                                         67      5     Signal cnt_q is being assigned multiple times ( previous assignment at line 53 ) in same always block [Hierarchy: ':fullchip_tb:fullchip_instance@fullchip:core_instance@core:mac_array_instance@mac_array:\col_idx[6].mac_col_inst @mac_col']
[65]     W415a                                      Warning     verilog/mac_col.v                                                         67      5     Signal cnt_q is being assigned multiple times ( previous assignment at line 53 ) in same always block [Hierarchy: ':fullchip_tb:fullchip_instance@fullchip:core_instance@core:mac_array_instance@mac_array:\col_idx[7].mac_col_inst @mac_col']
[6B]     W415a                                      Warning     verilog/mac_col.v                                                         67      5     Signal cnt_q is being assigned multiple times ( previous assignment at line 53 ) in same always block [Hierarchy: ':fullchip_tb:fullchip_instance@fullchip:core_instance@core:mac_array_instance@mac_array:\col_idx[8].mac_col_inst @mac_col']
[42]     W415a                                      Warning     verilog/mac_col.v                                                         72      5     Signal query_q is being assigned multiple times ( previous assignment at line 55 ) in same always block [Hierarchy: ':fullchip_tb:fullchip_instance@fullchip:core_instance@core:mac_array_instance@mac_array:\col_idx[1].mac_col_inst @mac_col']
[48]     W415a                                      Warning     verilog/mac_col.v                                                         72      5     Signal query_q is being assigned multiple times ( previous assignment at line 55 ) in same always block [Hierarchy: ':fullchip_tb:fullchip_instance@fullchip:core_instance@core:mac_array_instance@mac_array:\col_idx[2].mac_col_inst @mac_col']
[4E]     W415a                                      Warning     verilog/mac_col.v                                                         72      5     Signal query_q is being assigned multiple times ( previous assignment at line 55 ) in same always block [Hierarchy: ':fullchip_tb:fullchip_instance@fullchip:core_instance@core:mac_array_instance@mac_array:\col_idx[3].mac_col_inst @mac_col']
[54]     W415a                                      Warning     verilog/mac_col.v                                                         72      5     Signal query_q is being assigned multiple times ( previous assignment at line 55 ) in same always block [Hierarchy: ':fullchip_tb:fullchip_instance@fullchip:core_instance@core:mac_array_instance@mac_array:\col_idx[4].mac_col_inst @mac_col']
[5A]     W415a                                      Warning     verilog/mac_col.v                                                         72      5     Signal query_q is being assigned multiple times ( previous assignment at line 55 ) in same always block [Hierarchy: ':fullchip_tb:fullchip_instance@fullchip:core_instance@core:mac_array_instance@mac_array:\col_idx[5].mac_col_inst @mac_col']
[60]     W415a                                      Warning     verilog/mac_col.v                                                         72      5     Signal query_q is being assigned multiple times ( previous assignment at line 55 ) in same always block [Hierarchy: ':fullchip_tb:fullchip_instance@fullchip:core_instance@core:mac_array_instance@mac_array:\col_idx[6].mac_col_inst @mac_col']
[66]     W415a                                      Warning     verilog/mac_col.v                                                         72      5     Signal query_q is being assigned multiple times ( previous assignment at line 55 ) in same always block [Hierarchy: ':fullchip_tb:fullchip_instance@fullchip:core_instance@core:mac_array_instance@mac_array:\col_idx[7].mac_col_inst @mac_col']
[6C]     W415a                                      Warning     verilog/mac_col.v                                                         72      5     Signal query_q is being assigned multiple times ( previous assignment at line 55 ) in same always block [Hierarchy: ':fullchip_tb:fullchip_instance@fullchip:core_instance@core:mac_array_instance@mac_array:\col_idx[8].mac_col_inst @mac_col']
[3C]     W528                                       Warning     verilog/core.v                                                            67      10    Variable 'fifo_valid' set but not read.[Hierarchy: ':fullchip_tb:fullchip_instance@fullchip:core_instance@core']
[3A]     W528                                       Warning     verilog/fullchip_tb.v                                                     78      10    Variable 'pmem_out[159:0]' set but not read.[Hierarchy: ':fullchip_tb']
[38]     W528                                       Warning     verilog/fullchip_tb.v                                                     94      10    Variable 'qk_file' set but not read.[Hierarchy: ':fullchip_tb']
[39]     W528                                       Warning     verilog/fullchip_tb.v                                                     146     10    Variable 'qk_scan_file' set but not read.[Hierarchy: ':fullchip_tb']
[37]     W528                                       Info        ./spyglass-1/lint/lint_rtl/spyglass_reports/lint/SignalUsageReport.rpt    0       10    Please refer to 'SignalUsageReport.rpt' for details of violating bits
+++++++++++++++++++++++++++++++++++++++++++++++++++++++++++++++++++++++++++++++++++++++
