
################################################################################
#
# This file has been generated by SpyGlass:
#     Report Name      : no_msg_reporting_rules
#     Report Created by: caden99
#     Report Created on:  Thu May 14 15:40:31 2026
#     Working Directory: /home/caden99/Documents/projects/vector_processor/1D_Vector_Processor
#     SpyGlass Version : SpyGlass_vP-2019.06-SP1-1
#     Policy Name      : SpyGlass(SpyGlass_vP-2019.06-SP1-01)
#                        erc(SpyGlass_vP-2019.06-SP1-01)
#                        latch(SpyGlass_vP-2019.06-SP1-01)
#                        lint(SpyGlass_vP-2019.06-SP1-01)
#                        morelint(SpyGlass_vP-2019.06-SP1-01)
#                        openmore(SpyGlass_vP-2019.06-SP1-01)
#                        simulation(SpyGlass_vP-2019.06-SP1-01)
#                        starc(SpyGlass_vP-2019.06-SP1-01)
#                        starc2005(SpyGlass_vP-2019.06-SP1-01)
#                        timing(SpyGlass_vP-2019.06-SP1-01)
#
#     Total Number of Generated Messages :        115
#     Number of Waived Messages          :          0
#     Number of Reported Messages        :        115
#     Number of Overlimit Messages       :          0
#
#
################################################################################

NO VIOLATION RULE REPORT :
++++++++++++++++++++++++++++++++++++++++++++++++++++++++++++++++++++++++++++++++

Following rules did not produce any violation or waived off during spyglass run

++++++++++++++++++++++++++++++++++++++++++++++++++++++++++++++++++++++++++++++++


================================================================================
	INDEX                                   RULE-NAME
================================================================================
	1                                  BlockHeader
	2                                  BufClock
	3                                  CheckDelayTimescale-ML
	4                                  CombLoop
	5                                  LatchFeedback
	6                                  NoAssignX-ML
	7                                  NoXInCase-ML
	8                                  ParamWidthMismatch-ML
	9                                  STARC05-1.2.1.2
	10                                 STARC05-2.1.3.1
	11                                 STARC05-2.1.4.5
	12                                 STARC05-2.1.5.3
	13                                 STARC05-2.1.6.5
	14                                 STARC05-2.10.1.4a
	15                                 STARC05-2.10.1.4b
	16                                 STARC05-2.10.2.3
	17                                 STARC05-2.10.3.2a
	18                                 STARC05-2.11.3.1
	19                                 STARC05-2.2.3.3
	20                                 STARC05-2.3.1.2c
	21                                 STARC05-2.3.1.5b
	22                                 STARC05-2.3.1.6
	23                                 STARC05-2.3.3.1
	24                                 STARC05-2.3.4.1v
	25                                 STARC05-2.4.1.5
	26                                 STARC05-2.5.1.2
	27                                 STARC05-2.5.1.7
	28                                 STARC05-2.5.1.9
	29                                 W110
	30                                 W110a
	31                                 W116
	32                                 W122
	33                                 W156
	34                                 W19
	35                                 W215
	36                                 W216
	37                                 W218
	38                                 W224
	39                                 W240
	40                                 W263
	41                                 W287a
	42                                 W289
	43                                 W292
	44                                 W293
	45                                 W317
	46                                 W336
	47                                 W337
	48                                 W339a
	49                                 W352
	50                                 W362
	51                                 W392
	52                                 W398
	53                                 W414
	54                                 W415
	55                                 W416
	56                                 W421
	57                                 W422
	58                                 W424
	59                                 W426
	60                                 W442a
	61                                 W442b
	62                                 W442c
	63                                 W442f
	64                                 W450L
	65                                 W467
	66                                 W480
	67                                 W481a
	68                                 W481b
	69                                 W486
	70                                 W496a
	71                                 W496b
	72                                 W499
	73                                 W502
	74                                 W505
	75                                 W66
	76                                 W71
	77                                 badimplicitSM1
	78                                 badimplicitSM2
	79                                 badimplicitSM4
	80                                 bothedges
	81                                 mixedsenselist
	82                                 sim_race02
================================================================================
